Archive member included to satisfy reference by file (symbol)

app/libapp.a(main.c.obj)      (--whole-archive)
zephyr/libzephyr.a(cbprintf_packaged.c.obj)
                              (--whole-archive)
zephyr/libzephyr.a(dec.c.obj)
                              (--whole-archive)
zephyr/libzephyr.a(hex.c.obj)
                              (--whole-archive)
zephyr/libzephyr.a(printk.c.obj)
                              (--whole-archive)
zephyr/libzephyr.a(rb.c.obj)  (--whole-archive)
zephyr/libzephyr.a(sem.c.obj)
                              (--whole-archive)
zephyr/libzephyr.a(thread_entry.c.obj)
                              (--whole-archive)
zephyr/libzephyr.a(timeutil.c.obj)
                              (--whole-archive)
zephyr/libzephyr.a(heap.c.obj)
                              (--whole-archive)
zephyr/libzephyr.a(heap-validate.c.obj)
                              (--whole-archive)
zephyr/libzephyr.a(bitarray.c.obj)
                              (--whole-archive)
zephyr/libzephyr.a(multi_heap.c.obj)
                              (--whole-archive)
zephyr/libzephyr.a(cbprintf_complete.c.obj)
                              (--whole-archive)
zephyr/libzephyr.a(assert.c.obj)
                              (--whole-archive)
zephyr/libzephyr.a(reboot.c.obj)
                              (--whole-archive)
zephyr/libzephyr.a(configs.c.obj)
                              (--whole-archive)
zephyr/libzephyr.a(pm.c.obj)  (--whole-archive)
zephyr/libzephyr.a(policy.c.obj)
                              (--whole-archive)
zephyr/libzephyr.a(state.c.obj)
                              (--whole-archive)
zephyr/libzephyr.a(tracing_none.c.obj)
                              (--whole-archive)
zephyr/libzephyr.a(dis.c.obj)
                              (--whole-archive)
zephyr/libzephyr.a(addr_utils.c.obj)
                              (--whole-archive)
zephyr/libzephyr.a(utils.c.obj)
                              (--whole-archive)
zephyr/libzephyr.a(ecc_dh.c.obj)
                              (--whole-archive)
zephyr/libzephyr.a(ecc.c.obj)
                              (--whole-archive)
zephyr/libzephyr.a(aes_decrypt.c.obj)
                              (--whole-archive)
zephyr/libzephyr.a(aes_encrypt.c.obj)
                              (--whole-archive)
zephyr/libzephyr.a(cmac_mode.c.obj)
                              (--whole-archive)
zephyr/arch/common/libarch__common.a(sw_isr_common.c.obj)
                              (--whole-archive)
zephyr/arch/common/libarch__common.a(dynamic_isr.c.obj)
                              (--whole-archive)
zephyr/arch/arch/arm/core/libarch__arm__core.a(fatal.c.obj)
                              (--whole-archive)
zephyr/arch/arch/arm/core/libarch__arm__core.a(nmi.c.obj)
                              (--whole-archive)
zephyr/arch/arch/arm/core/libarch__arm__core.a(nmi_on_reset.S.obj)
                              (--whole-archive)
zephyr/arch/arch/arm/core/libarch__arm__core.a(tls.c.obj)
                              (--whole-archive)
zephyr/arch/arch/arm/core/cortex_m/libarch__arm__core__cortex_m.a(exc_exit.S.obj)
                              (--whole-archive)
zephyr/arch/arch/arm/core/cortex_m/libarch__arm__core__cortex_m.a(fault.c.obj)
                              (--whole-archive)
zephyr/arch/arch/arm/core/cortex_m/libarch__arm__core__cortex_m.a(fault_s.S.obj)
                              (--whole-archive)
zephyr/arch/arch/arm/core/cortex_m/libarch__arm__core__cortex_m.a(fpu.c.obj)
                              (--whole-archive)
zephyr/arch/arch/arm/core/cortex_m/libarch__arm__core__cortex_m.a(reset.S.obj)
                              (--whole-archive)
zephyr/arch/arch/arm/core/cortex_m/libarch__arm__core__cortex_m.a(scb.c.obj)
                              (--whole-archive)
zephyr/arch/arch/arm/core/cortex_m/libarch__arm__core__cortex_m.a(thread_abort.c.obj)
                              (--whole-archive)
zephyr/arch/arch/arm/core/cortex_m/libarch__arm__core__cortex_m.a(vector_table.S.obj)
                              (--whole-archive)
zephyr/arch/arch/arm/core/cortex_m/libarch__arm__core__cortex_m.a(swap.c.obj)
                              (--whole-archive)
zephyr/arch/arch/arm/core/cortex_m/libarch__arm__core__cortex_m.a(swap_helper.S.obj)
                              (--whole-archive)
zephyr/arch/arch/arm/core/cortex_m/libarch__arm__core__cortex_m.a(irq_manage.c.obj)
                              (--whole-archive)
zephyr/arch/arch/arm/core/cortex_m/libarch__arm__core__cortex_m.a(prep_c.c.obj)
                              (--whole-archive)
zephyr/arch/arch/arm/core/cortex_m/libarch__arm__core__cortex_m.a(thread.c.obj)
                              (--whole-archive)
zephyr/arch/arch/arm/core/cortex_m/libarch__arm__core__cortex_m.a(cpu_idle.S.obj)
                              (--whole-archive)
zephyr/arch/arch/arm/core/cortex_m/libarch__arm__core__cortex_m.a(irq_init.c.obj)
                              (--whole-archive)
[...]
Memory Configuration

Name             Origin             Length             Attributes
FLASH            0x0000000002027000 0x0000000000059000 xr
RAM              0x0000000020004358 0x0000000000009c00 xw
IDT_LIST         0x00000000fffff7ff 0x0000000000000800 xw
*default*        0x0000000000000000 0xffffffffffffffff

Linker script and memory map

                0x000000000202f550                vfprintf = __i_vfprintf
                0x0000000000000000                vfscanf = __i_vfscanf
LOAD /home/ming/source/ingchips/ING918XX_SDK_SOURCE//bundles/noos_mini/ING9168xx/symdefs.g
                0x0000000002005089                att_dispatch_client_can_send_now = 0x2005089
                0x000000000200508f                att_dispatch_client_request_can_send_now_event = 0x200508f
                0x0000000002005095                att_dispatch_register_client = 0x2005095
                0x00000000020050a9                att_dispatch_register_server = 0x20050a9
                0x00000000020050bd                att_dispatch_server_can_send_now = 0x20050bd
                0x00000000020050c3                att_dispatch_server_request_can_send_now_event = 0x20050c3
                0x0000000002005175                att_emit_general_event = 0x2005175
                0x00000000020058a9                att_server_can_send_packet_now = 0x20058a9
                0x00000000020058ad                att_server_deferred_read_response = 0x20058ad
                0x00000000020058c5                att_server_get_mtu = 0x20058c5
                0x0000000002005931                att_server_indicate = 0x2005931
                0x00000000020059b5                att_server_init = 0x20059b5
                0x00000000020059f1                att_server_notify = 0x20059f1
                0x0000000002005b09                att_server_register_packet_handler = 0x2005b09
                0x0000000002005b3b                att_server_request_can_send_now_event = 0x2005b3b
                0x0000000002005b57                att_set_db = 0x2005b57
                0x0000000002005b69                att_set_read_callback = 0x2005b69
                0x0000000002005b75                att_set_write_callback = 0x2005b75
                0x0000000002005d55                bd_addr_cmp = 0x2005d55
                0x0000000002005d5b                bd_addr_copy = 0x2005d5b
                0x0000000002005d65                bd_addr_to_str = 0x2005d65
                0x0000000002005d9d                big_endian_read_16 = 0x2005d9d
                0x0000000002005da5                big_endian_read_32 = 0x2005da5
                0x0000000002005db9                big_endian_store_16 = 0x2005db9
                0x0000000002005dc5                big_endian_store_32 = 0x2005dc5
                0x0000000002005df1                btstack_config = 0x2005df1
                0x0000000002005dfd                btstack_get_capabilities = 0x2005dfd
                0x0000000002005f57                btstack_memory_pool_create = 0x2005f57
                0x0000000002005f81                btstack_memory_pool_free = 0x2005f81
                0x0000000002005fe1                btstack_memory_pool_get = 0x2005fe1
                0x0000000002006029                btstack_push_user_msg = 0x2006029
                0x0000000002006035                btstack_push_user_runnable = 0x2006035
                0x0000000002006041                btstack_reset = 0x2006041
                0x0000000002006253                char_for_nibble = 0x2006253
                0x0000000002006b95                gap_add_dev_to_periodic_list = 0x2006b95
                0x0000000002006ba5                gap_add_whitelist = 0x2006ba5
                0x0000000002006bb1                gap_aes_encrypt = 0x2006bb1
                0x0000000002006be9                gap_clear_white_lists = 0x2006be9
                0x0000000002006bf5                gap_clr_adv_set = 0x2006bf5
                0x0000000002006c01                gap_clr_periodic_adv_list = 0x2006c01
                0x0000000002006c0d                gap_create_connection_cancel = 0x2006c0d
                0x0000000002006c19                gap_default_periodic_adv_sync_transfer_param = 0x2006c19
                0x0000000002006c31                gap_disconnect = 0x2006c31
                0x0000000002006c39                gap_disconnect2 = 0x2006c39
                0x0000000002006c65                gap_disconnect_all = 0x2006c65
                0x0000000002006ca5                gap_ext_create_connection = 0x2006ca5
                0x0000000002006d7d                gap_get_connection_parameter_range = 0x2006d7d
                0x0000000002006db5                gap_le_read_channel_map = 0x2006db5
                0x0000000002006e15                gap_periodic_adv_create_sync = 0x2006e15
                0x0000000002006e39                gap_periodic_adv_create_sync_cancel = 0x2006e39
                0x0000000002006e45                gap_periodic_adv_set_info_transfer = 0x2006e45
                0x0000000002006e55                gap_periodic_adv_sync_transfer = 0x2006e55
                0x0000000002006e65                gap_periodic_adv_sync_transfer_param = 0x2006e65
                0x0000000002006e81                gap_periodic_adv_term_sync = 0x2006e81
                0x0000000002006f09                gap_read_antenna_info = 0x2006f09
                0x0000000002006f15                gap_read_periodic_adv_list_size = 0x2006f15
                0x0000000002006f21                gap_read_phy = 0x2006f21
                0x0000000002006f2d                gap_read_remote_used_features = 0x2006f2d
                0x0000000002006f39                gap_read_remote_version = 0x2006f39
                0x0000000002006f45                gap_read_rssi = 0x2006f45
                0x0000000002006f51                gap_read_white_lists_size = 0x2006f51
                0x0000000002006f5d                gap_remove_whitelist = 0x2006f5d
                0x0000000002006fd9                gap_rmv_adv_set = 0x2006fd9
                0x0000000002006fe5                gap_rmv_dev_from_periodic_list = 0x2006fe5
                0x0000000002006ff5                gap_rx_test_v2 = 0x2006ff5
                0x0000000002007005                gap_rx_test_v3 = 0x2007005
                0x0000000002007051                gap_set_adv_set_random_addr = 0x2007051
                0x0000000002007075                gap_set_callback_for_next_hci = 0x2007075
                0x0000000002007095                gap_set_connection_cte_request_enable = 0x2007095
                0x00000000020070b1                gap_set_connection_cte_response_enable = 0x20070b1
                0x00000000020070c1                gap_set_connection_cte_rx_param = 0x20070c1
                0x0000000002007115                gap_set_connection_cte_tx_param = 0x2007115
                0x0000000002007161                gap_set_connection_parameter_range = 0x2007161
                0x0000000002007179                gap_set_connectionless_cte_tx_enable = 0x2007179
                0x0000000002007189                gap_set_connectionless_cte_tx_param = 0x2007189
                0x00000000020071e5                gap_set_connectionless_iq_sampling_enable = 0x20071e5
                0x0000000002007241                gap_set_data_length = 0x2007241
                0x0000000002007259                gap_set_def_phy = 0x2007259
                0x0000000002007269                gap_set_ext_adv_data = 0x2007269
                0x0000000002007281                gap_set_ext_adv_enable = 0x2007281
                0x00000000020072f1                gap_set_ext_adv_para = 0x20072f1
                0x00000000020073b1                gap_set_ext_scan_enable = 0x20073b1
                0x00000000020073c9                gap_set_ext_scan_para = 0x20073c9
                0x0000000002007469                gap_set_ext_scan_response_data = 0x2007469
                0x0000000002007481                gap_set_host_channel_classification = 0x2007481
                0x0000000002007491                gap_set_periodic_adv_data = 0x2007491
                0x0000000002007501                gap_set_periodic_adv_enable = 0x2007501
                0x0000000002007511                gap_set_periodic_adv_para = 0x2007511
                0x0000000002007529                gap_set_periodic_adv_rx_enable = 0x2007529
                0x0000000002007539                gap_set_phy = 0x2007539
                0x0000000002007555                gap_set_random_device_address = 0x2007555
                0x0000000002007571                gap_start_ccm = 0x2007571
                0x00000000020075b9                gap_test_end = 0x20075b9
                0x00000000020075c5                gap_tx_test_v2 = 0x20075c5
                0x00000000020075dd                gap_tx_test_v4 = 0x20075dd
                0x0000000002007601                gap_update_connection_parameters = 0x2007601
                0x0000000002007641                gap_vendor_tx_continuous_wave = 0x2007641
                0x0000000002007b69                gatt_client_cancel_write = 0x2007b69
                0x0000000002007b8f                gatt_client_discover_characteristic_descriptors = 0x2007b8f
                0x0000000002007bcf                gatt_client_discover_characteristics_for_handle_range_by_uuid128 = 0x2007bcf
                0x0000000002007c1f                gatt_client_discover_characteristics_for_handle_range_by_uuid16 = 0x2007c1f
                0x0000000002007c6f                gatt_client_discover_characteristics_for_service = 0x2007c6f
                0x0000000002007ca5                gatt_client_discover_primary_services = 0x2007ca5
                0x0000000002007cd7                gatt_client_discover_primary_services_by_uuid128 = 0x2007cd7
                0x0000000002007d1b                gatt_client_discover_primary_services_by_uuid16 = 0x2007d1b
                0x0000000002007d59                gatt_client_execute_write = 0x2007d59
                0x0000000002007d7f                gatt_client_find_included_services_for_service = 0x2007d7f
                0x0000000002007dad                gatt_client_get_mtu = 0x2007dad
                0x0000000002007e79                gatt_client_is_ready = 0x2007e79
                0x0000000002007e8f                gatt_client_listen_for_characteristic_value_updates = 0x2007e8f
                0x0000000002007eaf                gatt_client_prepare_write = 0x2007eaf
                0x0000000002007eeb                gatt_client_read_characteristic_descriptor_using_descriptor_handle = 0x2007eeb
                0x0000000002007f15                gatt_client_read_long_characteristic_descriptor_using_descriptor_handle = 0x2007f15
                0x0000000002007f1b                gatt_client_read_long_characteristic_descriptor_using_descriptor_handle_with_offset = 0x2007f1b
                0x0000000002007f49                gatt_client_read_long_value_of_characteristic_using_value_handle = 0x2007f49
                0x0000000002007f4f                gatt_client_read_long_value_of_characteristic_using_value_handle_with_offset = 0x2007f4f
                0x0000000002007f7d                gatt_client_read_multiple_characteristic_values = 0x2007f7d
                0x0000000002007fad                gatt_client_read_value_of_characteristic_using_value_handle = 0x2007fad
                0x0000000002007fdb                gatt_client_read_value_of_characteristics_by_uuid128 = 0x2007fdb
                0x0000000002008027                gatt_client_read_value_of_characteristics_by_uuid16 = 0x2008027
                0x0000000002008071                gatt_client_register_handler = 0x2008071
                0x000000000200807d                gatt_client_reliable_write_long_value_of_characteristic = 0x200807d
                0x0000000002008485                gatt_client_signed_write_without_response = 0x2008485
                0x0000000002008549                gatt_client_write_characteristic_descriptor_using_descriptor_handle = 0x2008549
                0x0000000002008583                gatt_client_write_client_characteristic_configuration = 0x2008583
                0x00000000020085d5                gatt_client_write_long_characteristic_descriptor_using_descriptor_handle = 0x20085d5
                0x00000000020085e5                gatt_client_write_long_characteristic_descriptor_using_descriptor_handle_with_offset = 0x20085e5
                0x0000000002008621                gatt_client_write_long_value_of_characteristic = 0x2008621
                0x0000000002008631                gatt_client_write_long_value_of_characteristic_with_offset = 0x2008631
                0x000000000200866d                gatt_client_write_value_of_characteristic = 0x200866d
                0x00000000020086a3                gatt_client_write_value_of_characteristic_without_response = 0x20086a3
                0x0000000002009c91                hci_add_event_handler = 0x2009c91
                0x000000000200a41d                hci_power_control = 0x200a41d
                0x000000000200a5d1                hci_register_acl_packet_handler = 0x200a5d1
                0x000000000200ac3d                kv_commit = 0x200ac3d
                0x000000000200ac99                kv_get = 0x200ac99
                0x000000000200aca5                kv_init = 0x200aca5
                0x000000000200ad25                kv_init_backend = 0x200ad25
                0x000000000200ad39                kv_put = 0x200ad39
                0x000000000200ad45                kv_remove = 0x200ad45
                0x000000000200ad79                kv_remove_all = 0x200ad79
                0x000000000200ada9                kv_value_modified = 0x200ada9
                0x000000000200adc5                kv_value_modified_of_key = 0x200adc5
                0x000000000200add1                kv_visit = 0x200add1
                0x000000000200ae61                l2cap_add_event_handler = 0x200ae61
                0x000000000200ae71                l2cap_can_send_packet_now = 0x200ae71
                0x000000000200b035                l2cap_create_le_credit_based_connection_request = 0x200b035
                0x000000000200b17d                l2cap_credit_based_send = 0x200b17d
                0x000000000200b1a9                l2cap_credit_based_send_continue = 0x200b1a9
                0x000000000200b225                l2cap_disconnect = 0x200b225
                0x000000000200b409                l2cap_get_le_credit_based_connection_credits = 0x200b409
                0x000000000200b425                l2cap_get_peer_mtu_for_local_cid = 0x200b425
                0x000000000200b851                l2cap_init = 0x200b851
                0x000000000200b945                l2cap_le_send_flow_control_credit = 0x200b945
                0x000000000200bc41                l2cap_max_le_mtu = 0x200bc41
                0x000000000200bd69                l2cap_register_packet_handler = 0x200bd69
                0x000000000200bd75                l2cap_register_service = 0x200bd75
                0x000000000200be85                l2cap_request_can_send_now_event = 0x200be85
                0x000000000200be9f                l2cap_request_connection_parameter_update = 0x200be9f
                0x000000000200c36d                l2cap_send_echo_request = 0x200c36d
                0x000000000200c44d                l2cap_unregister_service = 0x200c44d
                0x000000000200c4a5                le_device_db_add = 0x200c4a5
                0x000000000200c57d                le_device_db_find = 0x200c57d
                0x000000000200c5a9                le_device_db_from_key = 0x200c5a9
                0x000000000200c5b1                le_device_db_iter_cur = 0x200c5b1
                0x000000000200c5b5                le_device_db_iter_cur_key = 0x200c5b5
                0x000000000200c5b9                le_device_db_iter_init = 0x200c5b9
                0x000000000200c5c1                le_device_db_iter_next = 0x200c5c1
                0x000000000200c5e7                le_device_db_remove_key = 0x200c5e7
                0x000000000200c615                ll_adjust_conn_peer_tx_power = 0x200c615
                0x000000000200c63d                ll_aes_encrypt = 0x200c63d
                0x000000000200c6b1                ll_config = 0x200c6b1
                0x000000000200c6e7                ll_free = 0x200c6e7
                0x000000000200c6f1                ll_get_capabilities = 0x200c6f1
                0x000000000200c711                ll_get_heap_free_size = 0x200c711
                0x000000000200c721                ll_get_states = 0x200c721
                0x000000000200c7bd                ll_hint_on_ce_len = 0x200c7bd
                0x000000000200c7f5                ll_legacy_adv_set_interval = 0x200c7f5
                0x000000000200c805                ll_malloc = 0x200c805
                0x000000000200c91d                ll_register_hci_acl_previewer = 0x200c91d
                0x000000000200c981                ll_scan_set_fixed_channel = 0x200c981
                0x000000000200cb99                ll_set_adv_access_address = 0x200cb99
                0x000000000200cba5                ll_set_adv_coded_scheme = 0x200cba5
                0x000000000200cbd5                ll_set_conn_acl_report_latency = 0x200cbd5
                0x000000000200cc01                ll_set_conn_coded_scheme = 0x200cc01
                0x000000000200cc29                ll_set_conn_latency = 0x200cc29
                0x000000000200cc55                ll_set_conn_tx_power = 0x200cc55
                0x000000000200cc8d                ll_set_def_antenna = 0x200cc8d
                0x000000000200ccad                ll_set_initiating_coded_scheme = 0x200ccad
                0x000000000200ccb9                ll_set_max_conn_number = 0x200ccb9
                0x000000000200cd4d                ll_set_tx_power_range = 0x200cd4d
                0x000000000201d03d                nibble_for_char = 0x201d03d
                0x000000000201d0b3                platform_calibrate_rt_clk = 0x201d0b3
                0x000000000200303f                platform_call_on_stack = 0x200303f
                0x000000000201d0b7                platform_cancel_us_timer = 0x201d0b7
                0x000000000201d0cd                platform_config = 0x201d0cd
                0x000000002000015b                platform_controller_run = 0x2000015b
                0x000000000201d201                platform_create_us_timer = 0x201d201
                0x000000000201d215                platform_delete_timer = 0x201d215
                0x000000000201d21d                platform_enable_irq = 0x201d21d
                0x000000000201d271                platform_get_gen_os_driver = 0x201d271
                0x000000000201d27d                platform_get_link_layer_interf = 0x201d27d
                0x000000000201d285                platform_get_task_handle = 0x201d285
                0x000000000201d29d                platform_get_timer_counter = 0x201d29d
                0x000000000201d2a1                platform_get_us_time = 0x201d2a1
                0x000000000201d2a5                platform_get_version = 0x201d2a5
                0x000000000201d2c1                platform_hrng = 0x201d2c1
                0x0000000020000145                platform_init_controller = 0x20000145
                0x00000000200003ed                platform_os_idle_resumed_hook = 0x200003ed
                0x000000000201d2c9                platform_patch_rf_init_data = 0x201d2c9
                0x00000000200003e7                platform_post_sleep_processing = 0x200003e7
                0x00000000200003e1                platform_pre_sleep_processing = 0x200003e1
                0x00000000200003dd                platform_pre_suppress_ticks_and_sleep_processing = 0x200003dd
                0x000000000201d2d5                platform_printf = 0x201d2d5
                0x000000000201d2e9                platform_raise_assertion = 0x201d2e9
                0x000000000201d2fd                platform_rand = 0x201d2fd
                0x000000000201d301                platform_read_info = 0x201d301
                0x000000000201d331                platform_read_persistent_reg = 0x201d331
                0x000000000201d351                platform_reset = 0x201d351
                0x000000000201d365                platform_rt_rc_auto_tune = 0x201d365
                0x000000000201d36d                platform_rt_rc_auto_tune2 = 0x201d36d
                0x000000000201d3cd                platform_rt_rc_tune = 0x201d3cd
                0x000000000201d3f9                platform_set_abs_timer = 0x201d3f9
                0x000000000201d3fd                platform_set_evt_callback = 0x201d3fd
                0x000000000201d411                platform_set_evt_callback_table = 0x201d411
                0x000000000201d41d                platform_set_irq_callback = 0x201d41d
                0x000000000201d439                platform_set_irq_callback_table = 0x201d439
                0x000000000201d445                platform_set_rf_clk_source = 0x201d445
                0x000000000201d451                platform_set_rf_init_data = 0x201d451
                0x000000000201d45d                platform_set_rf_power_mapping = 0x201d45d
                0x000000000201d469                platform_set_timer = 0x201d469
                0x000000000201d46d                platform_shutdown = 0x201d46d
                0x000000000201d471                platform_switch_app = 0x201d471
                0x000000000201d489                platform_trace_raw = 0x201d489
                0x000000000201d4a1                platform_write_persistent_reg = 0x201d4a1
                0x000000000201d4d5                printf_hexdump = 0x201d4d5
                0x000000000201d7d5                reverse_128 = 0x201d7d5
                0x000000000201d7db                reverse_24 = 0x201d7db
                0x000000000201d7e1                reverse_256 = 0x201d7e1
                0x000000000201d7e7                reverse_48 = 0x201d7e7
                0x000000000201d7ed                reverse_56 = 0x201d7ed
                0x000000000201d7f3                reverse_64 = 0x201d7f3
                0x000000000201d7f9                reverse_bd_addr = 0x201d7f9
                0x000000000201d7ff                reverse_bytes = 0x201d7ff
                0x000000000201db05                sm_add_event_handler = 0x201db05
                0x000000000201dc5d                sm_address_resolution_lookup = 0x201dc5d
                0x000000000201e005                sm_authenticated = 0x201e005
                0x000000000201e013                sm_authorization_decline = 0x201e013
                0x000000000201e033                sm_authorization_grant = 0x201e033
                0x000000000201e053                sm_authorization_state = 0x201e053
                0x000000000201e06d                sm_bonding_decline = 0x201e06d
                0x000000000201e4c1                sm_config = 0x201e4c1
                0x000000000201e4f5                sm_config_conn = 0x201e4f5
                0x000000000201e6af                sm_encryption_key_size = 0x201e6af
                0x000000000201ec45                sm_just_works_confirm = 0x201ec45
                0x000000000201ef7d                sm_le_device_key = 0x201ef7d
                0x000000000201f013                sm_passkey_input = 0x201f013
                0x000000000201f3e9                sm_private_random_address_generation_get = 0x201f3e9
                0x000000000201f3f1                sm_private_random_address_generation_get_mode = 0x201f3f1
                0x000000000201f3fd                sm_private_random_address_generation_set_mode = 0x201f3fd
                0x000000000201f425                sm_private_random_address_generation_set_update_period = 0x201f425
                0x000000000201f561                sm_register_external_ltk_callback = 0x201f561
                0x000000000201f56d                sm_register_oob_data_callback = 0x201f56d
                0x000000000201f579                sm_request_pairing = 0x201f579
                0x0000000002020067                sm_send_security_request = 0x2020067
                0x000000000202008d                sm_set_accepted_stk_generation_methods = 0x202008d
                0x0000000002020099                sm_set_authentication_requirements = 0x2020099
                0x00000000020200a9                sm_set_encryption_key_size_range = 0x20200a9
                0x00000000020203f9                sscanf_bd_addr = 0x20203f9
                0x00000000020204cd                sysSetPublicDeviceAddr = 0x20204cd
                0x0000000002020c91                uuid128_to_str = 0x2020c91
                0x0000000002020ce9                uuid_add_bluetooth_prefix = 0x2020ce9
                0x0000000002020d09                uuid_has_bluetooth_prefix = 0x2020d09
LOAD zephyr/CMakeFiles/zephyr_final.dir/misc/empty_file.c.obj
LOAD zephyr/CMakeFiles/zephyr_final.dir/isr_tables.c.obj
LOAD zephyr/CMakeFiles/offsets.dir/./arch/arm/core/offsets/offsets.c.obj
LOAD app/libapp.a
LOAD zephyr/libzephyr.a
LOAD zephyr/arch/common/libarch__common.a
LOAD zephyr/arch/arch/arm/core/libarch__arm__core.a
LOAD zephyr/arch/arch/arm/core/cortex_m/libarch__arm__core__cortex_m.a
LOAD zephyr/lib/libc/picolibc/liblib__libc__picolibc.a
LOAD zephyr/lib/libc/common/liblib__libc__common.a
LOAD zephyr/soc/soc/arm/ing9168/libsoc__arm__ing9168.a
LOAD zephyr/subsys/bluetooth/common/libsubsys__bluetooth__common.a
LOAD zephyr/subsys/bluetooth/host/libsubsys__bluetooth__host.a
LOAD zephyr/subsys/bluetooth/crypto/libsubsys__bluetooth__crypto.a
LOAD zephyr/subsys/net/libsubsys__net.a
LOAD zephyr/drivers/bluetooth/libdrivers__bluetooth.a
LOAD zephyr/drivers/console/libdrivers__console.a
LOAD zephyr/drivers/gpio/libdrivers__gpio.a
LOAD zephyr/drivers/i2c/libdrivers__i2c.a
LOAD zephyr/drivers/serial/libdrivers__serial.a
LOAD zephyr/drivers/timer/libdrivers__timer.a
LOAD zephyr/kernel/libkernel.a
LOAD /home/ming/zephyr-sdk-0.16.8/arm-zephyr-eabi/bin/../lib/gcc/arm-zephyr-eabi/12.2.0/thumb/v7e-m/nofp/libgcc.a
LOAD zephyr/arch/common/libisr_tables.a
LOAD /home/ming/zephyr-sdk-0.16.8/arm-zephyr-eabi/bin/../lib/gcc/../../picolibc/arm-zephyr-eabi/lib/thumb/v7e-m/nofp/libc.a
LOAD /home/ming/zephyr-sdk-0.16.8/arm-zephyr-eabi/bin/../lib/gcc/arm-zephyr-eabi/12.2.0/thumb/v7e-m/nofp/libgcc.a
                0x0000000000000004                _region_min_align = 0x4

.rel.plt        0x0000000002027000        0x0
 *(SORT_BY_ALIGNMENT(.rel.plt))
                [!provide]                        PROVIDE (__rel_iplt_start = .)
 *(SORT_BY_ALIGNMENT(.rel.iplt))
 .rel.iplt      0x0000000002027000        0x0 zephyr/CMakeFiles/zephyr_final.dir/isr_tables.c.obj
                [!provide]                        PROVIDE (__rel_iplt_end = .)

.rela.plt       0x0000000000000000        0x0
 *(SORT_BY_ALIGNMENT(.rela.plt))
                [!provide]                        PROVIDE (__rela_iplt_start = .)
 *(SORT_BY_ALIGNMENT(.rela.iplt))
                [!provide]                        PROVIDE (__rela_iplt_end = .)

.rel.dyn
 *(SORT_BY_ALIGNMENT(.rel.*))

.rela.dyn
 *(SORT_BY_ALIGNMENT(.rela.*))

/DISCARD/
 *(SORT_BY_ALIGNMENT(.plt))

/DISCARD/
 *(SORT_BY_ALIGNMENT(.iplt))
                0x0000000002027000                __rom_region_start = 0x2027000

rom_start       0x0000000002027000       0xfc
                0x0000000002027000                __rom_start_address = .
 FILL mask 0x00
                0x0000000002027000                . = (. + (0x0 - (. - __rom_start_address)))
                0x0000000002027000                . = ALIGN (0x4)
                0x0000000002027000                . = ALIGN (0x80)
                0x0000000002027000                . = ALIGN (0x100)
                0x0000000002027000                _vector_start = .
 *(SORT_BY_ALIGNMENT(.exc_vector_table))
 *(SORT_BY_ALIGNMENT(.exc_vector_table.*))
 .exc_vector_table._vector_table_section
                0x0000000002027000       0x40 zephyr/arch/arch/arm/core/cortex_m/libarch__arm__core__cortex_m.a(vector_table.S.obj)
                0x0000000002027000                _vector_table
 *(SORT_BY_ALIGNMENT(.vectors))
                0x00000000020270fc                _vector_end = .
                0x0000000002027040                . = ALIGN (0x4)
 *(SORT_BY_ALIGNMENT(.gnu.linkonce.irq_vector_table*))
 .gnu.linkonce.irq_vector_table
                0x0000000002027040       0xbc zephyr/CMakeFiles/zephyr_final.dir/isr_tables.c.obj
                0x0000000002027040                _irq_vector_table
                0x00000000020270fc                _vector_end = .

text            0x0000000002027100    0x10ae8
                0x0000000002027100                __text_region_start = .
 *(SORT_BY_ALIGNMENT(.text))
 .text          0x0000000002027100       0x30 /home/ming/zephyr-sdk-0.16.8/arm-zephyr-eabi/bin/../lib/gcc/arm-zephyr-eabi/12.2.0/thumb/v7e-m/nofp/libgcc.a(_aeabi_uldivmod.o)
                0x0000000002027100                __aeabi_uldivmod
 .text          0x0000000002027130        0x4 /home/ming/zephyr-sdk-0.16.8/arm-zephyr-eabi/bin/../lib/gcc/arm-zephyr-eabi/12.2.0/thumb/v7e-m/nofp/libgcc.a(_dvmd_tls.o)
                0x0000000002027130                __aeabi_ldiv0
                0x0000000002027130                __aeabi_idiv0
 .text          0x0000000002027134      0x2a0 /home/ming/zephyr-sdk-0.16.8/arm-zephyr-eabi/bin/../lib/gcc/arm-zephyr-eabi/12.2.0/thumb/v7e-m/nofp/libgcc.a(_udivmoddi4.o)
                0x0000000002027134                __udivmoddi4
 .text          0x00000000020273d4       0x10 /home/ming/zephyr-sdk-0.16.8/arm-zephyr-eabi/bin/../lib/gcc/../../picolibc/arm-zephyr-eabi/lib/thumb/v7e-m/nofp/libc.a(strlen.S.o)
                0x00000000020273d4                strlen
 *(SORT_BY_ALIGNMENT(.text.*))
 *fill*         0x00000000020273e4        0x4 
 .text.set_event_mask
                0x00000000020273e8       0x60 zephyr/subsys/bluetooth/host/libsubsys__bluetooth__host.a(hci_core.c.obj)
 .text.main     0x0000000002027448       0x3c app/libapp.a(main.c.obj)
                0x0000000002027448                main
 .text.char_out
                0x0000000002027484       0x10 zephyr/libzephyr.a(printk.c.obj)
 .text.__printk_hook_install
                0x0000000002027494        0xc zephyr/libzephyr.a(printk.c.obj)
                0x0000000002027494                __printk_hook_install
 .text.vprintk  0x00000000020274a0       0x2c zephyr/libzephyr.a(printk.c.obj)
                0x00000000020274a0                vprintk
 .text.z_thread_entry
                0x00000000020274cc       0x34 zephyr/libzephyr.a(thread_entry.c.obj)
                0x00000000020274cc                z_thread_entry
 .text.pm_state_notify
                0x0000000002027500       0x5c zephyr/libzephyr.a(pm.c.obj)
 .text.pm_system_resume
                0x000000000202755c       0x4c zephyr/libzephyr.a(pm.c.obj)
                0x000000000202755c                pm_system_resume
 .text.pm_system_suspend
                0x00000000020275a8       0xfc zephyr/libzephyr.a(pm.c.obj)
                0x00000000020275a8                pm_system_suspend
 .text.pm_policy_state_lock_is_active
                0x00000000020276a4       0x44 zephyr/libzephyr.a(policy.c.obj)
                0x00000000020276a4                pm_policy_state_lock_is_active
 .text.pm_policy_next_state
                0x00000000020276e8       0xfc zephyr/libzephyr.a(policy.c.obj)
                0x00000000020276e8                pm_policy_next_state
 .text.pm_state_cpu_get_all
                0x00000000020277e4       0x20 zephyr/libzephyr.a(state.c.obj)
                0x00000000020277e4                pm_state_cpu_get_all
 .text.read_pnp_id
                0x0000000002027804       0x20 zephyr/libzephyr.a(dis.c.obj)
 .text.uECC_get_rng
                0x0000000002027824        0xc zephyr/libzephyr.a(ecc.c.obj)
                0x0000000002027824                uECC_get_rng
 .text.vli_mmod_fast_secp256r1
                0x0000000002027830      0x1ac zephyr/libzephyr.a(ecc.c.obj)
                0x0000000002027830                vli_mmod_fast_secp256r1
 .text.tc_aes128_set_encrypt_key
                0x00000000020279dc       0xc4 zephyr/libzephyr.a(aes_encrypt.c.obj)
                0x00000000020279dc                tc_aes128_set_encrypt_key
 .text.tc_aes_encrypt
                0x0000000002027aa0       0xb4 zephyr/libzephyr.a(aes_encrypt.c.obj)
                0x0000000002027aa0                tc_aes_encrypt
 .text.z_isr_install
                0x0000000002027b54       0x1c zephyr/arch/common/libarch__common.a(dynamic_isr.c.obj)
                0x0000000002027b54                z_isr_install
 .text.z_SysNmiOnReset
                0x0000000002027b70        0x8 zephyr/arch/arch/arm/core/libarch__arm__core.a(nmi_on_reset.S.obj)
                0x0000000002027b70                z_SysNmiOnReset
 .text.z_tls_copy
                0x0000000002027b78       0x38 zephyr/arch/arch/arm/core/libarch__arm__core.a(tls.c.obj)
 .text.arch_tls_stack_setup
                0x0000000002027bb0       0x48 zephyr/arch/arch/arm/core/libarch__arm__core.a(tls.c.obj)
                0x0000000002027bb0                arch_tls_stack_setup
 .text._HandlerModeExit
                0x0000000002027bf8       0x1c zephyr/arch/arch/arm/core/cortex_m/libarch__arm__core__cortex_m.a(exc_exit.S.obj)
                0x0000000002027bf8                z_arm_exc_exit
                0x0000000002027bf8                z_arm_int_exit
 .text.mem_manage_fault
                0x0000000002027c14       0xa4 zephyr/arch/arch/arm/core/cortex_m/libarch__arm__core__cortex_m.a(fault.c.obj)
 .text.bus_fault
                0x0000000002027cb8       0x8c zephyr/arch/arch/arm/core/cortex_m/libarch__arm__core__cortex_m.a(fault.c.obj)
 .text.usage_fault
                0x0000000002027d44       0x64 zephyr/arch/arch/arm/core/cortex_m/libarch__arm__core__cortex_m.a(fault.c.obj)
 .text.z_arm_is_synchronous_svc
                0x0000000002027da8       0x3c zephyr/arch/arch/arm/core/cortex_m/libarch__arm__core__cortex_m.a(fault.c.obj)
 .text.hard_fault
                0x0000000002027de4       0x78 zephyr/arch/arch/arm/core/cortex_m/libarch__arm__core__cortex_m.a(fault.c.obj)
 .text.z_arm_fault
                0x0000000002027e5c       0xa4 zephyr/arch/arch/arm/core/cortex_m/libarch__arm__core__cortex_m.a(fault.c.obj)
                0x0000000002027e5c                z_arm_fault
 .text.z_arm_fault_init
                0x0000000002027f00       0x10 zephyr/arch/arch/arm/core/cortex_m/libarch__arm__core__cortex_m.a(fault.c.obj)
                0x0000000002027f00                z_arm_fault_init
 .text.__fault  0x0000000002027f10       0x14 zephyr/arch/arch/arm/core/cortex_m/libarch__arm__core__cortex_m.a(fault_s.S.obj)
                0x0000000002027f10                z_arm_bus_fault
                0x0000000002027f10                z_arm_usage_fault
                0x0000000002027f10                z_arm_mpu_fault
                0x0000000002027f10                z_arm_exc_spurious
                0x0000000002027f10                z_arm_debug_monitor
                0x0000000002027f10                z_arm_hard_fault
 .text._reset_section
                0x0000000002027f24       0x5c zephyr/arch/arch/arm/core/cortex_m/libarch__arm__core__cortex_m.a(reset.S.obj)
                0x0000000002027f24                z_arm_reset
                0x0000000002027f24                __start
 .text.z_impl_k_thread_abort
                0x0000000002027f80       0x34 zephyr/arch/arch/arm/core/cortex_m/libarch__arm__core__cortex_m.a(thread_abort.c.obj)
                0x0000000002027f80                z_impl_k_thread_abort
 .text.arch_swap
                0x0000000002027fb4       0x30 zephyr/arch/arch/arm/core/cortex_m/libarch__arm__core__cortex_m.a(swap.c.obj)
                0x0000000002027fb4                arch_swap
 .text.z_arm_pendsv
                0x0000000002027fe4       0x58 zephyr/arch/arch/arm/core/cortex_m/libarch__arm__core__cortex_m.a(swap_helper.S.obj)
                0x0000000002027fe4                z_arm_pendsv
 .text.z_arm_svc
                0x000000000202803c       0x20 zephyr/arch/arch/arm/core/cortex_m/libarch__arm__core__cortex_m.a(swap_helper.S.obj)
                0x000000000202803c                z_arm_svc
 .text.__NVIC_EnableIRQ
                0x000000000202805c       0x1c zephyr/arch/arch/arm/core/cortex_m/libarch__arm__core__cortex_m.a(irq_manage.c.obj)
 .text.__NVIC_SetPriority
                0x0000000002028078       0x28 zephyr/arch/arch/arm/core/cortex_m/libarch__arm__core__cortex_m.a(irq_manage.c.obj)
 .text.arch_new_thread
                0x00000000020280a0       0x40 zephyr/arch/arch/arm/core/cortex_m/libarch__arm__core__cortex_m.a(thread.c.obj)
                0x00000000020280a0                arch_new_thread
 .text.arch_switch_to_main_thread
                0x00000000020280e0       0x2c zephyr/arch/arch/arm/core/cortex_m/libarch__arm__core__cortex_m.a(thread.c.obj)
                0x00000000020280e0                arch_switch_to_main_thread
 .text.z_arm_cpu_idle_init
                0x000000000202810c        0xc zephyr/arch/arch/arm/core/cortex_m/libarch__arm__core__cortex_m.a(cpu_idle.S.obj)
                0x000000000202810c                z_arm_cpu_idle_init
 .text.arch_cpu_idle
                0x0000000002028118       0x1c zephyr/arch/arch/arm/core/cortex_m/libarch__arm__core__cortex_m.a(cpu_idle.S.obj)
                0x0000000002028118                arch_cpu_idle
 .text._isr_wrapper
                0x0000000002028134       0x40 zephyr/arch/arch/arm/core/cortex_m/libarch__arm__core__cortex_m.a(isr_wrapper.S.obj)
                0x0000000002028134                _isr_wrapper
 .text.z_impl_zephyr_fputc
                0x0000000002028174       0x10 zephyr/lib/libc/picolibc/liblib__libc__picolibc.a(libc-hooks.c.obj)
                0x0000000002028174                z_impl_zephyr_fputc
 .text.__stdout_hook_install
                0x0000000002028184       0x18 zephyr/lib/libc/picolibc/liblib__libc__picolibc.a(libc-hooks.c.obj)
                0x0000000002028184                __stdout_hook_install
 .text.malloc_prepare
                0x000000000202819c       0x24 zephyr/lib/libc/common/liblib__libc__common.a(malloc.c.obj)
 .text.pm_state_set
                0x00000000020281c0       0x64 zephyr/soc/soc/arm/ing9168/libsoc__arm__ing9168.a(power.c.obj)
                0x00000000020281c0                pm_state_set
 .text.cb_putc  0x0000000002028224       0x20 zephyr/soc/soc/arm/ing9168/libsoc__arm__ing9168.a(hal_zephyr.c.obj)
                0x0000000002028224                cb_putc
 .text.cb_heap_out_of_mem
                0x0000000002028244       0x10 zephyr/soc/soc/arm/ing9168/libsoc__arm__ing9168.a(hal_zephyr.c.obj)
 .text.cb_assertion
                0x0000000002028254       0x14 zephyr/soc/soc/arm/ing9168/libsoc__arm__ing9168.a(hal_zephyr.c.obj)
 .text.cb_hard_fault
                0x0000000002028268       0x2c zephyr/soc/soc/arm/ing9168/libsoc__arm__ing9168.a(hal_zephyr.c.obj)
 .text.cube_setup_peripherals
                0x0000000002028294       0x50 zephyr/soc/soc/arm/ing9168/libsoc__arm__ing9168.a(hal_zephyr.c.obj)
                0x0000000002028294                cube_setup_peripherals
 .text.app_main
                0x00000000020282e4       0x48 zephyr/soc/soc/arm/ing9168/libsoc__arm__ing9168.a(hal_zephyr.c.obj)
                0x00000000020282e4                app_main
 .text._port_leave_critical
                0x000000000202832c       0x38 zephyr/soc/soc/arm/ing9168/libsoc__arm__ing9168.a(gen_os_impl.c.obj)
 .text._port_enter_critical
                0x0000000002028364       0x44 zephyr/soc/soc/arm/ing9168/libsoc__arm__ing9168.a(gen_os_impl.c.obj)
 .text._port_event_create
                0x00000000020283a8       0x28 zephyr/soc/soc/arm/ing9168/libsoc__arm__ing9168.a(gen_os_impl.c.obj)
 .text._port_queue_create
                0x00000000020283d0       0x3c zephyr/soc/soc/arm/ing9168/libsoc__arm__ing9168.a(gen_os_impl.c.obj)
 .text._port_task_create
                0x000000000202840c       0x78 zephyr/soc/soc/arm/ing9168/libsoc__arm__ing9168.a(gen_os_impl.c.obj)
 .text._port_timer_create
                0x0000000002028484       0x4c zephyr/soc/soc/arm/ing9168/libsoc__arm__ing9168.a(gen_os_impl.c.obj)
 .text.override_isr_handlers
                0x00000000020284d0       0x34 zephyr/soc/soc/arm/ing9168/libsoc__arm__ing9168.a(gen_os_impl.c.obj)
 .text.os_impl_get_driver
                0x0000000002028504       0x14 zephyr/soc/soc/arm/ing9168/libsoc__arm__ing9168.a(gen_os_impl.c.obj)
                0x0000000002028504                os_impl_get_driver
 .text.GIO_SetDirection
                0x0000000002028518       0x5c zephyr/soc/soc/arm/ing9168/libsoc__arm__ing9168.a(peripheral_gpio.c.obj)
                0x0000000002028518                GIO_SetDirection
 .text.GIO_WriteValue
                0x0000000002028574       0x30 zephyr/soc/soc/arm/ing9168/libsoc__arm__ing9168.a(peripheral_gpio.c.obj)
                0x0000000002028574                GIO_WriteValue
 .text.GIO_ReadAll
                0x00000000020285a4       0x18 zephyr/soc/soc/arm/ing9168/libsoc__arm__ing9168.a(peripheral_gpio.c.obj)
                0x00000000020285a4                GIO_ReadAll
 .text.SYSCTRL_ClkGateCtrl
                0x00000000020285bc      0x238 zephyr/soc/soc/arm/ing9168/libsoc__arm__ing9168.a(peripheral_sysctrl.c.obj)
 .text._DoInit  0x00000000020287f4       0x70 zephyr/soc/soc/arm/ing9168/libsoc__arm__ing9168.a(trace.c.obj)
 .text.SEGGER_RTT_WriteNoLock
                0x0000000002028864       0x6c zephyr/soc/soc/arm/ing9168/libsoc__arm__ing9168.a(trace.c.obj)
                0x0000000002028864                SEGGER_RTT_WriteNoLock
 .text.SEGGER_RTT_Write
                0x00000000020288d0       0x34 zephyr/soc/soc/arm/ing9168/libsoc__arm__ing9168.a(trace.c.obj)
                0x00000000020288d0                SEGGER_RTT_Write
 .text.SEGGER_RTT_GetAvailWriteSpace
                0x0000000002028904       0x18 zephyr/soc/soc/arm/ing9168/libsoc__arm__ing9168.a(trace.c.obj)
                0x0000000002028904                SEGGER_RTT_GetAvailWriteSpace
 .text.cb_trace_rtt
                0x000000000202891c       0x50 zephyr/soc/soc/arm/ing9168/libsoc__arm__ing9168.a(trace.c.obj)
                0x000000000202891c                cb_trace_rtt
 .text.generate_keys
                0x000000000202896c       0x34 zephyr/subsys/bluetooth/host/libsubsys__bluetooth__host.a(hci_ecc.c.obj)
 .text.emulate_le_p256_public_key_cmd
                0x00000000020289a0       0xac zephyr/subsys/bluetooth/host/libsubsys__bluetooth__host.a(hci_ecc.c.obj)
 .text.emulate_le_generate_dhkey
                0x0000000002028a4c       0xd8 zephyr/subsys/bluetooth/host/libsubsys__bluetooth__host.a(hci_ecc.c.obj)
 .text.ecc_process
                0x0000000002028b24       0x38 zephyr/subsys/bluetooth/host/libsubsys__bluetooth__host.a(hci_ecc.c.obj)
 .text.le_gen_dhkey
                0x0000000002028b5c       0xa0 zephyr/subsys/bluetooth/host/libsubsys__bluetooth__host.a(hci_ecc.c.obj)
 .text.le_p256_pub_key
                0x0000000002028bfc       0x5c zephyr/subsys/bluetooth/host/libsubsys__bluetooth__host.a(hci_ecc.c.obj)
 .text.bt_hci_ecc_send
                0x0000000002028c58       0x7c zephyr/subsys/bluetooth/host/libsubsys__bluetooth__host.a(hci_ecc.c.obj)
                0x0000000002028c58                bt_hci_ecc_send
 .text.long_wq_init
                0x0000000002028cd4       0x3c zephyr/subsys/bluetooth/host/libsubsys__bluetooth__host.a(long_wq.c.obj)
 .text.bt_long_wq_schedule
                0x0000000002028d10       0x10 zephyr/subsys/bluetooth/host/libsubsys__bluetooth__host.a(long_wq.c.obj)
                0x0000000002028d10                bt_long_wq_schedule
 .text.bt_long_wq_submit
                0x0000000002028d20       0x10 zephyr/subsys/bluetooth/host/libsubsys__bluetooth__host.a(long_wq.c.obj)
                0x0000000002028d20                bt_long_wq_submit
 .text.uuid_to_uuid128
                0x0000000002028d30       0xa4 zephyr/subsys/bluetooth/host/libsubsys__bluetooth__host.a(uuid.c.obj)
 .text.bt_buf_get_rx
                0x0000000002028dd4       0x20 zephyr/subsys/bluetooth/host/libsubsys__bluetooth__host.a(buf.c.obj)
                0x0000000002028dd4                bt_buf_get_rx
 .text.bt_buf_get_cmd_complete
                0x0000000002028df4       0x44 zephyr/subsys/bluetooth/host/libsubsys__bluetooth__host.a(buf.c.obj)
                0x0000000002028df4                bt_buf_get_cmd_complete
 .text.bt_buf_get_evt
                0x0000000002028e38       0x64 zephyr/subsys/bluetooth/host/libsubsys__bluetooth__host.a(buf.c.obj)
                0x0000000002028e38                bt_buf_get_evt
 .text.conn_handle_disconnected
                0x0000000002028e9c       0x20 zephyr/subsys/bluetooth/host/libsubsys__bluetooth__host.a(hci_core.c.obj)
 .text.conn_handle_is_disconnected
                0x0000000002028ebc       0x2c zephyr/subsys/bluetooth/host/libsubsys__bluetooth__host.a(hci_core.c.obj)
 .text.read_local_ver_complete
                0x0000000002028ee8       0x2c zephyr/subsys/bluetooth/host/libsubsys__bluetooth__host.a(hci_core.c.obj)
 .text.read_le_features_complete
                0x0000000002028f14       0x14 zephyr/subsys/bluetooth/host/libsubsys__bluetooth__host.a(hci_core.c.obj)
 .text.read_local_features_complete
                0x0000000002028f28       0x14 zephyr/subsys/bluetooth/host/libsubsys__bluetooth__host.a(hci_core.c.obj)
 .text.le_read_supp_states_complete
                0x0000000002028f3c       0x18 zephyr/subsys/bluetooth/host/libsubsys__bluetooth__host.a(hci_core.c.obj)
 .text.le_read_resolving_list_size_complete
                0x0000000002028f54       0x10 zephyr/subsys/bluetooth/host/libsubsys__bluetooth__host.a(hci_core.c.obj)
 .text.hci_reset_complete
                0x0000000002028f64       0x30 zephyr/subsys/bluetooth/host/libsubsys__bluetooth__host.a(hci_core.c.obj)
 .text.read_supported_commands_complete
                0x0000000002028f94       0x38 zephyr/subsys/bluetooth/host/libsubsys__bluetooth__host.a(hci_core.c.obj)
 .text.le_read_buffer_size_complete
                0x0000000002028fcc       0x2c zephyr/subsys/bluetooth/host/libsubsys__bluetooth__host.a(hci_core.c.obj)
 .text.read_buffer_size_complete
                0x0000000002028ff8       0x2c zephyr/subsys/bluetooth/host/libsubsys__bluetooth__host.a(hci_core.c.obj)
 .text.find_pending_connect
                0x0000000002029024       0x34 zephyr/subsys/bluetooth/host/libsubsys__bluetooth__host.a(hci_core.c.obj)
 .text.hci_cmd_done
                0x0000000002029058       0xbc zephyr/subsys/bluetooth/host/libsubsys__bluetooth__host.a(hci_core.c.obj)
 .text.hci_cmd_status
                0x0000000002029114       0x28 zephyr/subsys/bluetooth/host/libsubsys__bluetooth__host.a(hci_core.c.obj)
 .text.hci_cmd_complete
                0x000000000202913c       0x34 zephyr/subsys/bluetooth/host/libsubsys__bluetooth__host.a(hci_core.c.obj)
 .text.hci_event
                0x0000000002029170       0x68 zephyr/subsys/bluetooth/host/libsubsys__bluetooth__host.a(hci_core.c.obj)
 .text.hci_le_meta_event
                0x00000000020291d8       0x20 zephyr/subsys/bluetooth/host/libsubsys__bluetooth__host.a(hci_core.c.obj)
 .text.rx_queue_put
                0x00000000020291f8       0x20 zephyr/subsys/bluetooth/host/libsubsys__bluetooth__host.a(hci_core.c.obj)
 .text.hci_acl  0x0000000002029218       0x70 zephyr/subsys/bluetooth/host/libsubsys__bluetooth__host.a(hci_core.c.obj)
 .text.rx_work_handler
                0x0000000002029288       0x48 zephyr/subsys/bluetooth/host/libsubsys__bluetooth__host.a(hci_core.c.obj)
 .text.bt_hci_cmd_state_set_init
                0x00000000020292d0       0x24 zephyr/subsys/bluetooth/host/libsubsys__bluetooth__host.a(hci_core.c.obj)
                0x00000000020292d0                bt_hci_cmd_state_set_init
 .text.bt_hci_cmd_create
                0x00000000020292f4       0x7c zephyr/subsys/bluetooth/host/libsubsys__bluetooth__host.a(hci_core.c.obj)
                0x00000000020292f4                bt_hci_cmd_create
 .text.bt_hci_cmd_send_sync
                0x0000000002029370       0xdc zephyr/subsys/bluetooth/host/libsubsys__bluetooth__host.a(hci_core.c.obj)
                0x0000000002029370                bt_hci_cmd_send_sync
 .text.common_init
                0x000000000202944c       0x94 zephyr/subsys/bluetooth/host/libsubsys__bluetooth__host.a(hci_core.c.obj)
 .text.le_set_event_mask
                0x00000000020294e0       0xa0 zephyr/subsys/bluetooth/host/libsubsys__bluetooth__host.a(hci_core.c.obj)
 .text.le_init  0x0000000002029580      0x158 zephyr/subsys/bluetooth/host/libsubsys__bluetooth__host.a(hci_core.c.obj)
 .text.bt_br_init
                0x00000000020296d8       0x38 zephyr/subsys/bluetooth/host/libsubsys__bluetooth__host.a(hci_core.c.obj)
 .text.hci_init
                0x0000000002029710       0x54 zephyr/subsys/bluetooth/host/libsubsys__bluetooth__host.a(hci_core.c.obj)
 .text.bt_hci_le_rand
                0x0000000002029764       0x58 zephyr/subsys/bluetooth/host/libsubsys__bluetooth__host.a(hci_core.c.obj)
                0x0000000002029764                bt_hci_le_rand
 .text.conn_auto_initiate
                0x00000000020297bc       0x94 zephyr/subsys/bluetooth/host/libsubsys__bluetooth__host.a(hci_core.c.obj)
 .text.bt_hci_le_enh_conn_complete
                0x0000000002029850       0xf0 zephyr/subsys/bluetooth/host/libsubsys__bluetooth__host.a(hci_core.c.obj)
                0x0000000002029850                bt_hci_le_enh_conn_complete
 .text.le_legacy_conn_complete
                0x0000000002029940       0x64 zephyr/subsys/bluetooth/host/libsubsys__bluetooth__host.a(hci_core.c.obj)
 .text.bt_hci_cmd_send
                0x00000000020299a4       0x48 zephyr/subsys/bluetooth/host/libsubsys__bluetooth__host.a(hci_core.c.obj)
                0x00000000020299a4                bt_hci_cmd_send
 .text.hci_event_prio
                0x00000000020299ec       0x98 zephyr/subsys/bluetooth/host/libsubsys__bluetooth__host.a(hci_core.c.obj)
                0x00000000020299ec                hci_event_prio
 .text.bt_hci_driver_register
                0x0000000002029a84       0x30 zephyr/subsys/bluetooth/host/libsubsys__bluetooth__host.a(hci_core.c.obj)
                0x0000000002029a84                bt_hci_driver_register
 .text.bt_finalize_init
                0x0000000002029ab4       0x20 zephyr/subsys/bluetooth/host/libsubsys__bluetooth__host.a(hci_core.c.obj)
                0x0000000002029ab4                bt_finalize_init
 .text.init_work
                0x0000000002029ad4       0x14 zephyr/subsys/bluetooth/host/libsubsys__bluetooth__host.a(hci_core.c.obj)
 .text.bt_get_name
                0x0000000002029ae8        0x8 zephyr/subsys/bluetooth/host/libsubsys__bluetooth__host.a(hci_core.c.obj)
                0x0000000002029ae8                bt_get_name
 .text.id_find  0x0000000002029af0       0x38 zephyr/subsys/bluetooth/host/libsubsys__bluetooth__host.a(id.c.obj)
 .text.set_random_address
                0x0000000002029b28       0x5c zephyr/subsys/bluetooth/host/libsubsys__bluetooth__host.a(id.c.obj)
 .text.le_set_privacy_mode
                0x0000000002029b84       0x54 zephyr/subsys/bluetooth/host/libsubsys__bluetooth__host.a(id.c.obj)
 .text.bt_id_pending_keys_update_set
                0x0000000002029bd8       0x28 zephyr/subsys/bluetooth/host/libsubsys__bluetooth__host.a(id.c.obj)
 .text.id_create
                0x0000000002029c00       0x64 zephyr/subsys/bluetooth/host/libsubsys__bluetooth__host.a(id.c.obj)
 .text.bt_id_pending_keys_update
                0x0000000002029c64       0x38 zephyr/subsys/bluetooth/host/libsubsys__bluetooth__host.a(id.c.obj)
                0x0000000002029c64                bt_id_pending_keys_update
 .text.bt_id_find_conflict
                0x0000000002029c9c       0x24 zephyr/subsys/bluetooth/host/libsubsys__bluetooth__host.a(id.c.obj)
                0x0000000002029c9c                bt_id_find_conflict
 .text.bt_id_add
                0x0000000002029cc0       0xec zephyr/subsys/bluetooth/host/libsubsys__bluetooth__host.a(id.c.obj)
                0x0000000002029cc0                bt_id_add
 .text.bt_id_del
                0x0000000002029dac       0xd8 zephyr/subsys/bluetooth/host/libsubsys__bluetooth__host.a(id.c.obj)
                0x0000000002029dac                bt_id_del
 .text.bt_id_create
                0x0000000002029e84       0xbc zephyr/subsys/bluetooth/host/libsubsys__bluetooth__host.a(id.c.obj)
                0x0000000002029e84                bt_id_create
 .text.bt_id_read_public_addr
                0x0000000002029f40       0x68 zephyr/subsys/bluetooth/host/libsubsys__bluetooth__host.a(id.c.obj)
                0x0000000002029f40                bt_id_read_public_addr
 .text.bt_setup_public_id_addr
                0x0000000002029fa8       0x28 zephyr/subsys/bluetooth/host/libsubsys__bluetooth__host.a(id.c.obj)
                0x0000000002029fa8                bt_setup_public_id_addr
 .text.bt_id_set_adv_own_addr
                0x0000000002029fd0       0xe4 zephyr/subsys/bluetooth/host/libsubsys__bluetooth__host.a(id.c.obj)
                0x0000000002029fd0                bt_id_set_adv_own_addr
 .text.bt_id_init
                0x000000000202a0b4       0x34 zephyr/subsys/bluetooth/host/libsubsys__bluetooth__host.a(id.c.obj)
                0x000000000202a0b4                bt_id_init
 .text.le_adv_start_add_conn
                0x000000000202a0e8       0x80 zephyr/subsys/bluetooth/host/libsubsys__bluetooth__host.a(adv.c.obj)
 .text.bt_le_ext_adv_foreach
                0x000000000202a168       0x10 zephyr/subsys/bluetooth/host/libsubsys__bluetooth__host.a(adv.c.obj)
                0x000000000202a168                bt_le_ext_adv_foreach
 .text.bt_le_adv_lookup_legacy
                0x000000000202a178        0x8 zephyr/subsys/bluetooth/host/libsubsys__bluetooth__host.a(adv.c.obj)
                0x000000000202a178                bt_le_adv_lookup_legacy
 .text.bt_le_adv_resume
                0x000000000202a180       0xb4 zephyr/subsys/bluetooth/host/libsubsys__bluetooth__host.a(adv.c.obj)
                0x000000000202a180                bt_le_adv_resume
 .text.bt_pub_key_is_debug
                0x000000000202a234       0x18 zephyr/subsys/bluetooth/host/libsubsys__bluetooth__host.a(ecc.c.obj)
                0x000000000202a234                bt_pub_key_is_debug
 .text.bt_pub_key_gen
                0x000000000202a24c       0xf4 zephyr/subsys/bluetooth/host/libsubsys__bluetooth__host.a(ecc.c.obj)
                0x000000000202a24c                bt_pub_key_gen
 .text.bt_pub_key_get
                0x000000000202a340       0x24 zephyr/subsys/bluetooth/host/libsubsys__bluetooth__host.a(ecc.c.obj)
                0x000000000202a340                bt_pub_key_get
 .text.bt_dh_key_gen
                0x000000000202a364       0x60 zephyr/subsys/bluetooth/host/libsubsys__bluetooth__host.a(ecc.c.obj)
                0x000000000202a364                bt_dh_key_gen
 .text.bt_hci_evt_le_pkey_complete
                0x000000000202a3c4       0xa0 zephyr/subsys/bluetooth/host/libsubsys__bluetooth__host.a(ecc.c.obj)
                0x000000000202a3c4                bt_hci_evt_le_pkey_complete
 .text.bt_hci_evt_le_dhkey_complete
                0x000000000202a464       0x24 zephyr/subsys/bluetooth/host/libsubsys__bluetooth__host.a(ecc.c.obj)
                0x000000000202a464                bt_hci_evt_le_dhkey_complete
 .text.notify_connected
                0x000000000202a488       0x44 zephyr/subsys/bluetooth/host/libsubsys__bluetooth__host.a(conn.c.obj)
 .text.notify_disconnected
                0x000000000202a4cc       0x44 zephyr/subsys/bluetooth/host/libsubsys__bluetooth__host.a(conn.c.obj)
 .text.tx_free  0x000000000202a510       0x18 zephyr/subsys/bluetooth/host/libsubsys__bluetooth__host.a(conn.c.obj)
 .text.conn_tx_alloc
                0x000000000202a528       0x38 zephyr/subsys/bluetooth/host/libsubsys__bluetooth__host.a(conn.c.obj)
 .text.bt_conn_get_pkts
                0x000000000202a560       0x18 zephyr/subsys/bluetooth/host/libsubsys__bluetooth__host.a(conn.c.obj)
                0x000000000202a560                bt_conn_get_pkts
 .text.bt_conn_new
                0x000000000202a578       0x68 zephyr/subsys/bluetooth/host/libsubsys__bluetooth__host.a(conn.c.obj)
                0x000000000202a578                bt_conn_new
 .text.acl_conn_new
                0x000000000202a5e0       0x10 zephyr/subsys/bluetooth/host/libsubsys__bluetooth__host.a(conn.c.obj)
 .text.bt_conn_set_state
                0x000000000202a5f0      0x128 zephyr/subsys/bluetooth/host/libsubsys__bluetooth__host.a(conn.c.obj)
                0x000000000202a5f0                bt_conn_set_state
 .text.bt_conn_lookup_handle
                0x000000000202a718       0x24 zephyr/subsys/bluetooth/host/libsubsys__bluetooth__host.a(conn.c.obj)
                0x000000000202a718                bt_conn_lookup_handle
 .text.bt_conn_foreach
                0x000000000202a73c       0x44 zephyr/subsys/bluetooth/host/libsubsys__bluetooth__host.a(conn.c.obj)
                0x000000000202a73c                bt_conn_foreach
 .text.bt_conn_index
                0x000000000202a780       0x18 zephyr/subsys/bluetooth/host/libsubsys__bluetooth__host.a(conn.c.obj)
                0x000000000202a780                bt_conn_index
 .text.bt_conn_create_pdu_timeout
                0x000000000202a798       0x28 zephyr/subsys/bluetooth/host/libsubsys__bluetooth__host.a(conn.c.obj)
                0x000000000202a798                bt_conn_create_pdu_timeout
 .text.notify_le_param_updated
                0x000000000202a7c0       0xa0 zephyr/subsys/bluetooth/host/libsubsys__bluetooth__host.a(conn.c.obj)
                0x000000000202a7c0                notify_le_param_updated
 .text.le_param_req
                0x000000000202a860       0x74 zephyr/subsys/bluetooth/host/libsubsys__bluetooth__host.a(conn.c.obj)
                0x000000000202a860                le_param_req
 .text.bt_conn_identity_resolved
                0x000000000202a8d4       0x5c zephyr/subsys/bluetooth/host/libsubsys__bluetooth__host.a(conn.c.obj)
                0x000000000202a8d4                bt_conn_identity_resolved
 .text.bt_conn_security_changed
                0x000000000202a930       0x58 zephyr/subsys/bluetooth/host/libsubsys__bluetooth__host.a(conn.c.obj)
                0x000000000202a930                bt_conn_security_changed
 .text.bt_conn_lookup_addr_le
                0x000000000202a988       0x48 zephyr/subsys/bluetooth/host/libsubsys__bluetooth__host.a(conn.c.obj)
                0x000000000202a988                bt_conn_lookup_addr_le
 .text.bt_conn_lookup_state_le
                0x000000000202a9d0       0x64 zephyr/subsys/bluetooth/host/libsubsys__bluetooth__host.a(conn.c.obj)
                0x000000000202a9d0                bt_conn_lookup_state_le
 .text.send_conn_le_param_update
                0x000000000202aa34       0x70 zephyr/subsys/bluetooth/host/libsubsys__bluetooth__host.a(conn.c.obj)
 .text.deferred_work
                0x000000000202aaa4       0xd0 zephyr/subsys/bluetooth/host/libsubsys__bluetooth__host.a(conn.c.obj)
 .text.bt_conn_init
                0x000000000202ab74       0x3c zephyr/subsys/bluetooth/host/libsubsys__bluetooth__host.a(conn.c.obj)
                0x000000000202ab74                bt_conn_init
 .text.get_ident
                0x000000000202abb0       0x1c zephyr/subsys/bluetooth/host/libsubsys__bluetooth__host.a(l2cap.c.obj)
 .text.l2cap_accept
                0x000000000202abcc       0x34 zephyr/subsys/bluetooth/host/libsubsys__bluetooth__host.a(l2cap.c.obj)
 .text.bt_l2cap_connected
                0x000000000202ac00       0x74 zephyr/subsys/bluetooth/host/libsubsys__bluetooth__host.a(l2cap.c.obj)
                0x000000000202ac00                bt_l2cap_connected
 .text.att_op_get_type
                0x000000000202ac74       0xa4 zephyr/subsys/bluetooth/host/libsubsys__bluetooth__host.a(att.c.obj)
 .text.att_cb   0x000000000202ad18       0x40 zephyr/subsys/bluetooth/host/libsubsys__bluetooth__host.a(att.c.obj)
 .text.tx_meta_data_alloc
                0x000000000202ad58       0x34 zephyr/subsys/bluetooth/host/libsubsys__bluetooth__host.a(att.c.obj)
 .text.att_chan_new
                0x000000000202ad8c       0xac zephyr/subsys/bluetooth/host/libsubsys__bluetooth__host.a(att.c.obj)
 .text.bt_att_accept
                0x000000000202ae38       0x68 zephyr/subsys/bluetooth/host/libsubsys__bluetooth__host.a(att.c.obj)
 .text.bt_att_released
                0x000000000202aea0       0x10 zephyr/subsys/bluetooth/host/libsubsys__bluetooth__host.a(att.c.obj)
 .text.tx_meta_data_free
                0x000000000202aeb0       0x40 zephyr/subsys/bluetooth/host/libsubsys__bluetooth__host.a(att.c.obj)
 .text.prep_write_cb
                0x000000000202aef0       0x84 zephyr/subsys/bluetooth/host/libsubsys__bluetooth__host.a(att.c.obj)
 .text.read_group_cb
                0x000000000202af74       0xc0 zephyr/subsys/bluetooth/host/libsubsys__bluetooth__host.a(att.c.obj)
 .text.read_type_cb
                0x000000000202b034       0xac zephyr/subsys/bluetooth/host/libsubsys__bluetooth__host.a(att.c.obj)
 .text.bt_att_recv
                0x000000000202b0e0       0xec zephyr/subsys/bluetooth/host/libsubsys__bluetooth__host.a(att.c.obj)
 .text.att_write_rsp
                0x000000000202b1cc       0xe4 zephyr/subsys/bluetooth/host/libsubsys__bluetooth__host.a(att.c.obj)
 .text.bt_att_connected
                0x000000000202b2b0       0x3c zephyr/subsys/bluetooth/host/libsubsys__bluetooth__host.a(att.c.obj)
 .text.bt_addr_le_to_str
                0x000000000202b2ec       0xa8 zephyr/subsys/bluetooth/host/libsubsys__bluetooth__host.a(att.c.obj)
 .text.att_exec_write_rsp
                0x000000000202b394       0xbc zephyr/subsys/bluetooth/host/libsubsys__bluetooth__host.a(att.c.obj)
 .text.att_prep_write_rsp
                0x000000000202b450       0xe8 zephyr/subsys/bluetooth/host/libsubsys__bluetooth__host.a(att.c.obj)
 .text.att_read_group_rsp
                0x000000000202b538       0x8c zephyr/subsys/bluetooth/host/libsubsys__bluetooth__host.a(att.c.obj)
 .text.att_read_mult_vl_req
                0x000000000202b5c4       0xa8 zephyr/subsys/bluetooth/host/libsubsys__bluetooth__host.a(att.c.obj)
 .text.att_read_mult_req
                0x000000000202b66c       0xa8 zephyr/subsys/bluetooth/host/libsubsys__bluetooth__host.a(att.c.obj)
 .text.att_read_rsp
                0x000000000202b714       0xac zephyr/subsys/bluetooth/host/libsubsys__bluetooth__host.a(att.c.obj)
 .text.att_read_type_rsp
                0x000000000202b7c0       0x94 zephyr/subsys/bluetooth/host/libsubsys__bluetooth__host.a(att.c.obj)
 .text.att_find_type_rsp
                0x000000000202b854       0x88 zephyr/subsys/bluetooth/host/libsubsys__bluetooth__host.a(att.c.obj)
 .text.att_find_info_rsp
                0x000000000202b8dc       0x70 zephyr/subsys/bluetooth/host/libsubsys__bluetooth__host.a(att.c.obj)
 .text.bt_att_init
                0x000000000202b94c       0x30 zephyr/subsys/bluetooth/host/libsubsys__bluetooth__host.a(att.c.obj)
                0x000000000202b94c                bt_att_init
 .text.bt_att_req_alloc
                0x000000000202b97c       0x54 zephyr/subsys/bluetooth/host/libsubsys__bluetooth__host.a(att.c.obj)
                0x000000000202b97c                bt_att_req_alloc
 .text.bt_att_req_free
                0x000000000202b9d0       0x28 zephyr/subsys/bluetooth/host/libsubsys__bluetooth__host.a(att.c.obj)
                0x000000000202b9d0                bt_att_req_free
 .text.att_handle_rsp
                0x000000000202b9f8       0x64 zephyr/subsys/bluetooth/host/libsubsys__bluetooth__host.a(att.c.obj)
 .text.att_reset
                0x000000000202ba5c       0x88 zephyr/subsys/bluetooth/host/libsubsys__bluetooth__host.a(att.c.obj)
 .text.find_cf_cfg
                0x000000000202bae4       0x4c zephyr/subsys/bluetooth/host/libsubsys__bluetooth__host.a(gatt.c.obj)
 .text.find_sc_cfg
                0x000000000202bb30       0x48 zephyr/subsys/bluetooth/host/libsubsys__bluetooth__host.a(gatt.c.obj)
 .text.find_ccc_cfg
                0x000000000202bb78       0x54 zephyr/subsys/bluetooth/host/libsubsys__bluetooth__host.a(gatt.c.obj)
 .text.bt_gatt_service_init
                0x000000000202bbcc       0x48 zephyr/subsys/bluetooth/host/libsubsys__bluetooth__host.a(gatt.c.obj)
 .text.sc_save  0x000000000202bc14       0x54 zephyr/subsys/bluetooth/host/libsubsys__bluetooth__host.a(gatt.c.obj)
 .text.clear_ccc_cfg
                0x000000000202bc68       0x18 zephyr/subsys/bluetooth/host/libsubsys__bluetooth__host.a(gatt.c.obj)
 .text.sc_indicate_rsp
                0x000000000202bc80       0x68 zephyr/subsys/bluetooth/host/libsubsys__bluetooth__host.a(gatt.c.obj)
 .text.disconnected_cb
                0x000000000202bce8       0xc4 zephyr/subsys/bluetooth/host/libsubsys__bluetooth__host.a(gatt.c.obj)
 .text.clear_cf_cfg
                0x000000000202bdac       0x2c zephyr/subsys/bluetooth/host/libsubsys__bluetooth__host.a(gatt.c.obj)
 .text.bt_gatt_init
                0x000000000202bdd8       0x68 zephyr/subsys/bluetooth/host/libsubsys__bluetooth__host.a(gatt.c.obj)
                0x000000000202bdd8                bt_gatt_init
 .text.bt_gatt_attr_get_handle
                0x000000000202be40       0x64 zephyr/subsys/bluetooth/host/libsubsys__bluetooth__host.a(gatt.c.obj)
                0x000000000202be40                bt_gatt_attr_get_handle
 .text.bt_gatt_foreach_attr_type
                0x000000000202bea4       0x9c zephyr/subsys/bluetooth/host/libsubsys__bluetooth__host.a(gatt.c.obj)
                0x000000000202bea4                bt_gatt_foreach_attr_type
 .text.db_hash_gen
                0x000000000202bf40       0x70 zephyr/subsys/bluetooth/host/libsubsys__bluetooth__host.a(gatt.c.obj)
 .text.db_hash_read
                0x000000000202bfb0       0x98 zephyr/subsys/bluetooth/host/libsubsys__bluetooth__host.a(gatt.c.obj)
 .text.do_db_hash
                0x000000000202c048       0x20 zephyr/subsys/bluetooth/host/libsubsys__bluetooth__host.a(gatt.c.obj)
 .text.gatt_find_by_uuid
                0x000000000202c068       0x30 zephyr/subsys/bluetooth/host/libsubsys__bluetooth__host.a(gatt.c.obj)
 .text.bt_gatt_attr_next
                0x000000000202c098       0x30 zephyr/subsys/bluetooth/host/libsubsys__bluetooth__host.a(gatt.c.obj)
                0x000000000202c098                bt_gatt_attr_next
 .text.gatt_indicate
                0x000000000202c0c8       0xbc zephyr/subsys/bluetooth/host/libsubsys__bluetooth__host.a(gatt.c.obj)
 .text.bt_gatt_indicate
                0x000000000202c184       0xec zephyr/subsys/bluetooth/host/libsubsys__bluetooth__host.a(gatt.c.obj)
                0x000000000202c184                bt_gatt_indicate
 .text.sc_process
                0x000000000202c270       0x84 zephyr/subsys/bluetooth/host/libsubsys__bluetooth__host.a(gatt.c.obj)
 .text.sc_restore
                0x000000000202c2f4       0x64 zephyr/subsys/bluetooth/host/libsubsys__bluetooth__host.a(gatt.c.obj)
 .text.update_ccc
                0x000000000202c358       0xa0 zephyr/subsys/bluetooth/host/libsubsys__bluetooth__host.a(gatt.c.obj)
 .text.notify_cb
                0x000000000202c3f8      0x168 zephyr/subsys/bluetooth/host/libsubsys__bluetooth__host.a(gatt.c.obj)
 .text.bt_gatt_connected
                0x000000000202c560       0x44 zephyr/subsys/bluetooth/host/libsubsys__bluetooth__host.a(gatt.c.obj)
                0x000000000202c560                bt_gatt_connected
 .text.bt_gatt_att_max_mtu_changed
                0x000000000202c5a4       0x38 zephyr/subsys/bluetooth/host/libsubsys__bluetooth__host.a(gatt.c.obj)
                0x000000000202c5a4                bt_gatt_att_max_mtu_changed
 .text.bt_gatt_encrypt_change
                0x000000000202c5dc       0x2c zephyr/subsys/bluetooth/host/libsubsys__bluetooth__host.a(gatt.c.obj)
                0x000000000202c5dc                bt_gatt_encrypt_change
 .text.bt_gatt_disconnected
                0x000000000202c608       0x2c zephyr/subsys/bluetooth/host/libsubsys__bluetooth__host.a(gatt.c.obj)
                0x000000000202c608                bt_gatt_disconnected
 .text.le_sc_supported
                0x000000000202c634       0x18 zephyr/subsys/bluetooth/host/libsubsys__bluetooth__host.a(smp.c.obj)
 .text.bt_smp_accept
                0x000000000202c64c       0x48 zephyr/subsys/bluetooth/host/libsubsys__bluetooth__host.a(smp.c.obj)
 .text.smp_find
                0x000000000202c694       0x34 zephyr/subsys/bluetooth/host/libsubsys__bluetooth__host.a(smp.c.obj)
 .text.latch_auth_cb
                0x000000000202c6c8       0x40 zephyr/subsys/bluetooth/host/libsubsys__bluetooth__host.a(smp.c.obj)
 .text.get_io_capa
                0x000000000202c708       0x50 zephyr/subsys/bluetooth/host/libsubsys__bluetooth__host.a(smp.c.obj)
 .text.legacy_get_pair_method
                0x000000000202c758       0x54 zephyr/subsys/bluetooth/host/libsubsys__bluetooth__host.a(smp.c.obj)
 .text.get_pair_method
                0x000000000202c7ac       0x60 zephyr/subsys/bluetooth/host/libsubsys__bluetooth__host.a(smp.c.obj)
 .text.sec_level_reachable
                0x000000000202c80c       0x7c zephyr/subsys/bluetooth/host/libsubsys__bluetooth__host.a(smp.c.obj)
 .text.latch_bondable
                0x000000000202c888       0x3c zephyr/subsys/bluetooth/host/libsubsys__bluetooth__host.a(smp.c.obj)
 .text.get_auth
                0x000000000202c8c4       0x44 zephyr/subsys/bluetooth/host/libsubsys__bluetooth__host.a(smp.c.obj)
 .text.sc_send_public_key
                0x000000000202c908       0x98 zephyr/subsys/bluetooth/host/libsubsys__bluetooth__host.a(smp.c.obj)
 .text.smp_send_pairing_confirm
                0x000000000202c9a0       0xa0 zephyr/subsys/bluetooth/host/libsubsys__bluetooth__host.a(smp.c.obj)
 .text.sc_smp_check_confirm
                0x000000000202ca40       0x68 zephyr/subsys/bluetooth/host/libsubsys__bluetooth__host.a(smp.c.obj)
 .text.display_passkey
                0x000000000202caa8       0x70 zephyr/subsys/bluetooth/host/libsubsys__bluetooth__host.a(smp.c.obj)
 .text.smp_init
                0x000000000202cb18       0x48 zephyr/subsys/bluetooth/host/libsubsys__bluetooth__host.a(smp.c.obj)
 .text.legacy_distribute_keys
                0x000000000202cb60       0xe0 zephyr/subsys/bluetooth/host/libsubsys__bluetooth__host.a(smp.c.obj)
 .text.bt_smp_distribute_keys
                0x000000000202cc40       0x9c zephyr/subsys/bluetooth/host/libsubsys__bluetooth__host.a(smp.c.obj)
 .text.smp_dhkey_generate
                0x000000000202ccdc       0x4c zephyr/subsys/bluetooth/host/libsubsys__bluetooth__host.a(smp.c.obj)
 .text.smp_public_key_periph
                0x000000000202cd28      0x12c zephyr/subsys/bluetooth/host/libsubsys__bluetooth__host.a(smp.c.obj)
 .text.smp_public_key
                0x000000000202ce54       0xd4 zephyr/subsys/bluetooth/host/libsubsys__bluetooth__host.a(smp.c.obj)
 .text.legacy_request_tk
                0x000000000202cf28      0x11c zephyr/subsys/bluetooth/host/libsubsys__bluetooth__host.a(smp.c.obj)
 .text.smp_pairing_req
                0x000000000202d044      0x214 zephyr/subsys/bluetooth/host/libsubsys__bluetooth__host.a(smp.c.obj)
 .text.smp_pairing_random
                0x000000000202d258      0x1c0 zephyr/subsys/bluetooth/host/libsubsys__bluetooth__host.a(smp.c.obj)
 .text.bt_smp_connected
                0x000000000202d418       0x54 zephyr/subsys/bluetooth/host/libsubsys__bluetooth__host.a(smp.c.obj)
 .text.smp_pairing_complete
                0x000000000202d46c       0xfc zephyr/subsys/bluetooth/host/libsubsys__bluetooth__host.a(smp.c.obj)
 .text.bt_smp_recv
                0x000000000202d568       0x9c zephyr/subsys/bluetooth/host/libsubsys__bluetooth__host.a(smp.c.obj)
 .text.bt_smp_pkey_ready
                0x000000000202d604       0x4c zephyr/subsys/bluetooth/host/libsubsys__bluetooth__host.a(smp.c.obj)
 .text.smp_ident_addr_info
                0x000000000202d650      0x128 zephyr/subsys/bluetooth/host/libsubsys__bluetooth__host.a(smp.c.obj)
 .text.bt_smp_init
                0x000000000202d778       0x1c zephyr/subsys/bluetooth/host/libsubsys__bluetooth__host.a(smp.c.obj)
                0x000000000202d778                bt_smp_init
 .text.bt_keys_get_addr
                0x000000000202d794       0x84 zephyr/subsys/bluetooth/host/libsubsys__bluetooth__host.a(keys.c.obj)
                0x000000000202d794                bt_keys_get_addr
 .text.bt_keys_foreach_type
                0x000000000202d818       0x30 zephyr/subsys/bluetooth/host/libsubsys__bluetooth__host.a(keys.c.obj)
                0x000000000202d818                bt_keys_foreach_type
 .text.bt_keys_find
                0x000000000202d848       0x50 zephyr/subsys/bluetooth/host/libsubsys__bluetooth__host.a(keys.c.obj)
                0x000000000202d848                bt_keys_find
 .text.bt_keys_find_irk
                0x000000000202d898       0xcc zephyr/subsys/bluetooth/host/libsubsys__bluetooth__host.a(keys.c.obj)
                0x000000000202d898                bt_keys_find_irk
 .text.bt_keys_find_addr
                0x000000000202d964       0x48 zephyr/subsys/bluetooth/host/libsubsys__bluetooth__host.a(keys.c.obj)
                0x000000000202d964                bt_keys_find_addr
 .text.bt_crypto_f5
                0x000000000202d9ac      0x118 zephyr/subsys/bluetooth/crypto/libsubsys__bluetooth__crypto.a(bt_crypto.c.obj)
                0x000000000202d9ac                bt_crypto_f5
 .text.bt_crypto_g2
                0x000000000202dac4       0xa8 zephyr/subsys/bluetooth/crypto/libsubsys__bluetooth__crypto.a(bt_crypto.c.obj)
                0x000000000202dac4                bt_crypto_g2
 .text.pool_id  0x000000000202db6c       0x18 zephyr/subsys/net/libsubsys__net.a(buf.c.obj)
 .text.net_buf_pool_get
                0x000000000202db84       0x10 zephyr/subsys/net/libsubsys__net.a(buf.c.obj)
                0x000000000202db84                net_buf_pool_get
 .text.is_hci_event_discardable
                0x000000000202db94       0x3c zephyr/drivers/bluetooth/libdrivers__bluetooth.a(h4_ingchips.c.obj)
 .text.bt_ingchips_init
                0x000000000202dbd0       0x24 zephyr/drivers/bluetooth/libdrivers__bluetooth.a(h4_ingchips.c.obj)
 .text.h4_open  0x000000000202dbf4       0x14 zephyr/drivers/bluetooth/libdrivers__bluetooth.a(h4_ingchips.c.obj)
 .text.host_send_packet_to_controller
                0x000000000202dc08       0x64 zephyr/drivers/bluetooth/libdrivers__bluetooth.a(h4_ingchips.c.obj)
 .text.h4_send  0x000000000202dc6c       0x50 zephyr/drivers/bluetooth/libdrivers__bluetooth.a(h4_ingchips.c.obj)
 .text.cb_hci_recv
                0x000000000202dcbc       0x6c zephyr/drivers/bluetooth/libdrivers__bluetooth.a(h4_ingchips.c.obj)
                0x000000000202dcbc                cb_hci_recv
 .text.uart_console_hook_install
                0x000000000202dd28       0x18 zephyr/drivers/console/libdrivers__console.a(uart_console.c.obj)
 .text.uart_console_init
                0x000000000202dd40       0x1c zephyr/drivers/console/libdrivers__console.a(uart_console.c.obj)
 .text.uart_ingchips_poll_out
                0x000000000202dd5c       0x1c zephyr/drivers/serial/libdrivers__serial.a(uart_ingchips.c.obj)
 .text.elapsed  0x000000000202dd78       0x48 zephyr/drivers/timer/libdrivers__timer.a(cortex_m_systick.c.obj)
 .text.sys_clock_driver_init
                0x000000000202ddc0       0x34 zephyr/drivers/timer/libdrivers__timer.a(cortex_m_systick.c.obj)
 .text.sys_clock_isr
                0x000000000202ddf4       0x3c zephyr/drivers/timer/libdrivers__timer.a(cortex_m_systick.c.obj)
                0x000000000202ddf4                sys_clock_isr
 .text.sys_clock_set_timeout
                0x000000000202de30       0xf4 zephyr/drivers/timer/libdrivers__timer.a(cortex_m_systick.c.obj)
                0x000000000202de30                sys_clock_set_timeout
 .text.sys_clock_elapsed
                0x000000000202df24       0x38 zephyr/drivers/timer/libdrivers__timer.a(cortex_m_systick.c.obj)
                0x000000000202df24                sys_clock_elapsed
 .text.sys_clock_cycle_get_32
                0x000000000202df5c       0x2c zephyr/drivers/timer/libdrivers__timer.a(cortex_m_systick.c.obj)
                0x000000000202df5c                sys_clock_cycle_get_32
 .text.sys_clock_idle_exit
                0x000000000202df88       0x20 zephyr/drivers/timer/libdrivers__timer.a(cortex_m_systick.c.obj)
                0x000000000202df88                sys_clock_idle_exit
 .text.z_device_state_init
                0x000000000202dfa8       0x18 zephyr/kernel/libkernel.a(device.c.obj)
                0x000000000202dfa8                z_device_state_init
 .text.z_fatal_error
                0x000000000202dfc0       0x30 zephyr/kernel/libkernel.a(fatal.c.obj)
                0x000000000202dfc0                z_fatal_error
 .text.z_sys_init_run_level
                0x000000000202dff0       0x58 zephyr/kernel/libkernel.a(init.c.obj)
 .text.init_idle_thread
                0x000000000202e048       0x54 zephyr/kernel/libkernel.a(init.c.obj)
 .text.bg_thread_main
                0x000000000202e09c       0x34 zephyr/kernel/libkernel.a(init.c.obj)
 .text.switch_to_main_thread
                0x000000000202e0d0       0x14 zephyr/kernel/libkernel.a(init.c.obj)
 .text.z_init_cpu
                0x000000000202e0e4       0x5c zephyr/kernel/libkernel.a(init.c.obj)
                0x000000000202e0e4                z_init_cpu
 .text.prepare_multithreading
                0x000000000202e140       0x60 zephyr/kernel/libkernel.a(init.c.obj)
 .text.z_cstart0
                0x000000000202e1a0       0x3c zephyr/kernel/libkernel.a(init.c.obj)
                0x000000000202e1a0                z_cstart0
 .text.z_cstart1
                0x000000000202e1dc       0x50 zephyr/kernel/libkernel.a(init.c.obj)
                0x000000000202e1dc                z_cstart1
 .text.statics_init
                0x000000000202e22c       0x24 zephyr/kernel/libkernel.a(kheap.c.obj)
 .text.init_mem_slab_obj_core_list
                0x000000000202e250       0x24 zephyr/kernel/libkernel.a(mem_slab.c.obj)
 .text.k_mem_slab_alloc
                0x000000000202e274       0x68 zephyr/kernel/libkernel.a(mem_slab.c.obj)
                0x000000000202e274                k_mem_slab_alloc
 .text.schedule_new_thread
                0x000000000202e2dc       0x1c zephyr/kernel/libkernel.a(thread.c.obj)
 .text.z_setup_new_thread
                0x000000000202e2f8       0x60 zephyr/kernel/libkernel.a(thread.c.obj)
                0x000000000202e2f8                z_setup_new_thread
 .text.z_init_static_threads
                0x000000000202e358       0x70 zephyr/kernel/libkernel.a(thread.c.obj)
                0x000000000202e358                z_init_static_threads
 .text.idle     0x000000000202e3c8       0x3c zephyr/kernel/libkernel.a(idle.c.obj)
                0x000000000202e3c8                idle
 .text.z_impl_k_msgq_put
                0x000000000202e404       0xb8 zephyr/kernel/libkernel.a(msg_q.c.obj)
                0x000000000202e404                z_impl_k_msgq_put
 .text.z_impl_k_msgq_get
                0x000000000202e4bc       0xc8 zephyr/kernel/libkernel.a(msg_q.c.obj)
                0x000000000202e4bc                z_impl_k_msgq_get
 .text.z_impl_k_queue_get
                0x000000000202e584       0x7c zephyr/kernel/libkernel.a(queue.c.obj)
                0x000000000202e584                z_impl_k_queue_get
 .text.z_impl_k_sem_give
                0x000000000202e600       0x50 zephyr/kernel/libkernel.a(sem.c.obj)
                0x000000000202e600                z_impl_k_sem_give
 .text.z_impl_k_sem_take
                0x000000000202e650       0x50 zephyr/kernel/libkernel.a(sem.c.obj)
                0x000000000202e650                z_impl_k_sem_take
 .text.k_sys_work_q_init
                0x000000000202e6a0       0x34 zephyr/kernel/libkernel.a(system_work_q.c.obj)
 .text.queue_submit_locked
                0x000000000202e6d4       0x7c zephyr/kernel/libkernel.a(work.c.obj)
 .text.finalize_cancel_locked
                0x000000000202e750       0x60 zephyr/kernel/libkernel.a(work.c.obj)
 .text.init_work_cancel
                0x000000000202e7b0       0x30 zephyr/kernel/libkernel.a(work.c.obj)
 .text.work_queue_main
                0x000000000202e7e0       0xf0 zephyr/kernel/libkernel.a(work.c.obj)
 .text.schedule_for_queue_locked
                0x000000000202e8d0       0x34 zephyr/kernel/libkernel.a(work.c.obj)
 .text.k_work_submit
                0x000000000202e904       0x10 zephyr/kernel/libkernel.a(work.c.obj)
                0x000000000202e904                k_work_submit
 .text.k_work_queue_start
                0x000000000202e914       0x7c zephyr/kernel/libkernel.a(work.c.obj)
                0x000000000202e914                k_work_queue_start
 .text.k_work_schedule
                0x000000000202e990       0x10 zephyr/kernel/libkernel.a(work.c.obj)
                0x000000000202e990                k_work_schedule
 .text.k_work_reschedule
                0x000000000202e9a0       0x10 zephyr/kernel/libkernel.a(work.c.obj)
                0x000000000202e9a0                k_work_reschedule
 .text.sliceable
                0x000000000202e9b0       0x4c zephyr/kernel/libkernel.a(sched.c.obj)
 .text.slice_timeout
                0x000000000202e9fc       0x20 zephyr/kernel/libkernel.a(sched.c.obj)
 .text.add_thread_timeout
                0x000000000202ea1c       0x20 zephyr/kernel/libkernel.a(sched.c.obj)
 .text.z_reset_time_slice
                0x000000000202ea3c       0x50 zephyr/kernel/libkernel.a(sched.c.obj)
                0x000000000202ea3c                z_reset_time_slice
 .text.z_reschedule
                0x000000000202ea8c       0x2c zephyr/kernel/libkernel.a(sched.c.obj)
                0x000000000202ea8c                z_reschedule
 .text.k_sched_lock
                0x000000000202eab8       0x34 zephyr/kernel/libkernel.a(sched.c.obj)
                0x000000000202eab8                k_sched_lock
 .text.update_cache
                0x000000000202eaec       0x50 zephyr/kernel/libkernel.a(sched.c.obj)
 .text.move_thread_to_end_of_prio_q
                0x000000000202eb3c       0x94 zephyr/kernel/libkernel.a(sched.c.obj)
 .text.z_time_slice
                0x000000000202ebd0       0x74 zephyr/kernel/libkernel.a(sched.c.obj)
                0x000000000202ebd0                z_time_slice
 .text.ready_thread
                0x000000000202ec44       0x54 zephyr/kernel/libkernel.a(sched.c.obj)
 .text.z_sched_start
                0x000000000202ec98       0x3c zephyr/kernel/libkernel.a(sched.c.obj)
                0x000000000202ec98                z_sched_start
 .text.unready_thread
                0x000000000202ecd4       0x64 zephyr/kernel/libkernel.a(sched.c.obj)
 .text.z_pend_curr
                0x000000000202ed38       0x38 zephyr/kernel/libkernel.a(sched.c.obj)
                0x000000000202ed38                z_pend_curr
 .text.k_sched_unlock
                0x000000000202ed70       0x40 zephyr/kernel/libkernel.a(sched.c.obj)
                0x000000000202ed70                k_sched_unlock
 .text.halt_thread
                0x000000000202edb0       0x88 zephyr/kernel/libkernel.a(sched.c.obj)
 .text.z_thread_halt
                0x000000000202ee38       0x3c zephyr/kernel/libkernel.a(sched.c.obj)
 .text.z_sched_init
                0x000000000202ee74       0x10 zephyr/kernel/libkernel.a(sched.c.obj)
                0x000000000202ee74                z_sched_init
 .text.z_impl_k_yield
                0x000000000202ee84       0x98 zephyr/kernel/libkernel.a(sched.c.obj)
                0x000000000202ee84                z_impl_k_yield
 .text.z_tick_sleep
                0x000000000202ef1c       0x98 zephyr/kernel/libkernel.a(sched.c.obj)
 .text.z_impl_k_sleep
                0x000000000202efb4       0x54 zephyr/kernel/libkernel.a(sched.c.obj)
                0x000000000202efb4                z_impl_k_sleep
 .text.z_impl_k_sched_current_thread_query
                0x000000000202f008        0xc zephyr/kernel/libkernel.a(sched.c.obj)
                0x000000000202f008                z_impl_k_sched_current_thread_query
 .text.z_sched_wait
                0x000000000202f014       0x28 zephyr/kernel/libkernel.a(sched.c.obj)
                0x000000000202f014                z_sched_wait
 .text.first    0x000000000202f03c       0x14 zephyr/kernel/libkernel.a(timeout.c.obj)
 .text.next     0x000000000202f050       0x18 zephyr/kernel/libkernel.a(timeout.c.obj)
 .text.elapsed  0x000000000202f068       0x18 zephyr/kernel/libkernel.a(timeout.c.obj)
 .text.z_add_timeout
                0x000000000202f080      0x100 zephyr/kernel/libkernel.a(timeout.c.obj)
                0x000000000202f080                z_add_timeout
 .text.sys_clock_announce
                0x000000000202f180       0xd0 zephyr/kernel/libkernel.a(timeout.c.obj)
                0x000000000202f180                sys_clock_announce
 .text.sys_clock_tick_get
                0x000000000202f250       0x40 zephyr/kernel/libkernel.a(timeout.c.obj)
                0x000000000202f250                sys_clock_tick_get
 .text.z_timer_expiration_handler
                0x000000000202f290       0xfc zephyr/kernel/libkernel.a(timer.c.obj)
                0x000000000202f290                z_timer_expiration_handler
 .text.z_impl_k_timer_start
                0x000000000202f38c       0x84 zephyr/kernel/libkernel.a(timer.c.obj)
                0x000000000202f38c                z_impl_k_timer_start
 .text.z_impl_k_poll_signal_raise
                0x000000000202f410       0x54 zephyr/kernel/libkernel.a(poll.c.obj)
                0x000000000202f410                z_impl_k_poll_signal_raise
 .text.k_aligned_alloc
                0x000000000202f464       0x14 zephyr/kernel/libkernel.a(mempool.c.obj)
                0x000000000202f464                k_aligned_alloc
 .text.k_thread_system_pool_assign
                0x000000000202f478        0xc zephyr/kernel/libkernel.a(mempool.c.obj)
                0x000000000202f478                k_thread_system_pool_assign
 .text.z_thread_aligned_alloc
                0x000000000202f484       0x2c zephyr/kernel/libkernel.a(mempool.c.obj)
                0x000000000202f484                z_thread_aligned_alloc
 .text.z_thread_stack_alloc_pool
                0x000000000202f4b0       0x38 zephyr/kernel/libkernel.a(dynamic.c.obj)
 .text.boot_banner
                0x000000000202f4e8       0x10 zephyr/kernel/libkernel.a(banner.c.obj)
                0x000000000202f4e8                boot_banner
 .text.snprintf
                0x000000000202f4f8       0x58 /home/ming/zephyr-sdk-0.16.8/arm-zephyr-eabi/bin/../lib/gcc/../../picolibc/arm-zephyr-eabi/lib/thumb/v7e-m/nofp/libc.a(libc_tinystdio_snprintf.c.o)
                0x000000000202f4f8                snprintf
 .text.__i_vfprintf
                0x000000000202f550      0x49c /home/ming/zephyr-sdk-0.16.8/arm-zephyr-eabi/bin/../lib/gcc/../../picolibc/arm-zephyr-eabi/lib/thumb/v7e-m/nofp/libc.a(libc_tinystdio_vfiprintf.c.o)
                0x000000000202f550                __i_vfprintf
 .text._OffsetAbsSyms
                0x000000000202f9ec        0x2 zephyr/CMakeFiles/offsets.dir/./arch/arm/core/offsets/offsets.c.obj
                0x000000000202f9ec                _OffsetAbsSyms
 .text.z_impl_gpio_pin_configure
                0x000000000202f9ee       0x50 app/libapp.a(main.c.obj)
 .text.gpio_pin_configure_dt
                0x000000000202fa3e       0x16 app/libapp.a(main.c.obj)
 .text.gpio_pin_toggle_dt
                0x000000000202fa54       0x14 app/libapp.a(main.c.obj)
 .text.k_msleep
                0x000000000202fa68       0x2c app/libapp.a(main.c.obj)
 .text.arch_printk_char_out
                0x000000000202fa94        0x4 zephyr/libzephyr.a(printk.c.obj)
                0x000000000202fa94                arch_printk_char_out
 .text.printk   0x000000000202fa98       0x1c zephyr/libzephyr.a(printk.c.obj)
                0x000000000202fa98                printk
 .text.chunk_mem
                0x000000000202fab4        0x8 zephyr/libzephyr.a(heap.c.obj)
 .text.free_list_remove_bidx
                0x000000000202fabc       0x3e zephyr/libzephyr.a(heap.c.obj)
 .text.free_list_add_bidx
                0x000000000202fafa       0x4e zephyr/libzephyr.a(heap.c.obj)
 .text.split_chunks
                0x000000000202fb48       0x3a zephyr/libzephyr.a(heap.c.obj)
 .text.merge_chunks
                0x000000000202fb82       0x34 zephyr/libzephyr.a(heap.c.obj)
 .text.mem_to_chunkid
                0x000000000202fbb6        0x8 zephyr/libzephyr.a(heap.c.obj)
 .text.free_list_remove
                0x000000000202fbbe       0x18 zephyr/libzephyr.a(heap.c.obj)
 .text.free_list_add
                0x000000000202fbd6       0x18 zephyr/libzephyr.a(heap.c.obj)
 .text.free_chunk
                0x000000000202fbee       0x62 zephyr/libzephyr.a(heap.c.obj)
 .text.alloc_chunk
                0x000000000202fc50       0x76 zephyr/libzephyr.a(heap.c.obj)
 .text.sys_heap_free
                0x000000000202fcc6       0x24 zephyr/libzephyr.a(heap.c.obj)
                0x000000000202fcc6                sys_heap_free
 .text.sys_heap_alloc
                0x000000000202fcea       0x64 zephyr/libzephyr.a(heap.c.obj)
                0x000000000202fcea                sys_heap_alloc
 .text.sys_heap_aligned_alloc
                0x000000000202fd4e       0xee zephyr/libzephyr.a(heap.c.obj)
                0x000000000202fd4e                sys_heap_aligned_alloc
 .text.sys_heap_init
                0x000000000202fe3c       0x84 zephyr/libzephyr.a(heap.c.obj)
                0x000000000202fe3c                sys_heap_init
 .text.setup_bundle_data
                0x000000000202fec0       0x3a zephyr/libzephyr.a(bitarray.c.obj)
 .text.set_region
                0x000000000202fefa       0xbe zephyr/libzephyr.a(bitarray.c.obj)
 .text.match_region
                0x000000000202ffb8       0xa2 zephyr/libzephyr.a(bitarray.c.obj)
 .text.sys_bitarray_alloc
                0x000000000203005a       0xb8 zephyr/libzephyr.a(bitarray.c.obj)
                0x000000000203005a                sys_bitarray_alloc
 .text.assert_print
                0x0000000002030112       0x1c zephyr/libzephyr.a(assert.c.obj)
                0x0000000002030112                assert_print
 .text._ConfigAbsSyms
                0x000000000203012e        0x2 zephyr/libzephyr.a(configs.c.obj)
                0x000000000203012e                _ConfigAbsSyms
 .text.atomic_test_and_clear_bit
                0x0000000002030130       0x38 zephyr/libzephyr.a(pm.c.obj)
 .text.atomic_set_bit
                0x0000000002030168       0x26 zephyr/libzephyr.a(pm.c.obj)
 .text.read_str
                0x000000000203018e       0x38 zephyr/libzephyr.a(dis.c.obj)
 .text._copy    0x00000000020301c6       0x1a zephyr/libzephyr.a(utils.c.obj)
                0x00000000020301c6                _copy
 .text._set     0x00000000020301e0        0x8 zephyr/libzephyr.a(utils.c.obj)
                0x00000000020301e0                _set
 .text._double_byte
                0x00000000020301e8       0x12 zephyr/libzephyr.a(utils.c.obj)
                0x00000000020301e8                _double_byte
 .text._set_secure
                0x00000000020301fa        0xa zephyr/libzephyr.a(ecc_dh.c.obj)
 .text.uECC_make_key
                0x0000000002030204       0xa0 zephyr/libzephyr.a(ecc_dh.c.obj)
                0x0000000002030204                uECC_make_key
 .text.uECC_shared_secret
                0x00000000020302a4       0xb8 zephyr/libzephyr.a(ecc_dh.c.obj)
                0x00000000020302a4                uECC_shared_secret
 .text.vli_numDigits
                0x000000000203035c       0x1c zephyr/libzephyr.a(ecc.c.obj)
 .text.uECC_vli_rshift1
                0x0000000002030378       0x22 zephyr/libzephyr.a(ecc.c.obj)
 .text.muladd   0x000000000203039a       0x2c zephyr/libzephyr.a(ecc.c.obj)
 .text.uECC_vli_mult
                0x00000000020303c6       0xbc zephyr/libzephyr.a(ecc.c.obj)
 .text.uECC_vli_clear
                0x0000000002030482       0x14 zephyr/libzephyr.a(ecc.c.obj)
                0x0000000002030482                uECC_vli_clear
 .text.uECC_vli_isZero
                0x0000000002030496       0x2a zephyr/libzephyr.a(ecc.c.obj)
                0x0000000002030496                uECC_vli_isZero
 .text.uECC_vli_testBit
                0x00000000020304c0       0x12 zephyr/libzephyr.a(ecc.c.obj)
                0x00000000020304c0                uECC_vli_testBit
 .text.uECC_vli_numBits
                0x00000000020304d2       0x34 zephyr/libzephyr.a(ecc.c.obj)
                0x00000000020304d2                uECC_vli_numBits
 .text.uECC_vli_set
                0x0000000002030506       0x16 zephyr/libzephyr.a(ecc.c.obj)
                0x0000000002030506                uECC_vli_set
 .text.uECC_vli_cmp_unsafe
                0x000000000203051c       0x34 zephyr/libzephyr.a(ecc.c.obj)
                0x000000000203051c                uECC_vli_cmp_unsafe
 .text.uECC_vli_equal
                0x0000000002030550       0x3a zephyr/libzephyr.a(ecc.c.obj)
                0x0000000002030550                uECC_vli_equal
 .text.cond_set
                0x000000000203058a       0x12 zephyr/libzephyr.a(ecc.c.obj)
                0x000000000203058a                cond_set
 .text.uECC_vli_add
                0x000000000203059c       0x44 zephyr/libzephyr.a(ecc.c.obj)
 .text.vli_modInv_update
                0x00000000020305e0       0x3c zephyr/libzephyr.a(ecc.c.obj)
 .text.uECC_vli_sub
                0x000000000203061c       0x44 zephyr/libzephyr.a(ecc.c.obj)
                0x000000000203061c                uECC_vli_sub
 .text.uECC_vli_modAdd
                0x0000000002030660       0x2e zephyr/libzephyr.a(ecc.c.obj)
                0x0000000002030660                uECC_vli_modAdd
 .text.uECC_vli_modSub
                0x000000000203068e       0x22 zephyr/libzephyr.a(ecc.c.obj)
                0x000000000203068e                uECC_vli_modSub
 .text.uECC_vli_mmod
                0x00000000020306b0      0x13a zephyr/libzephyr.a(ecc.c.obj)
                0x00000000020306b0                uECC_vli_mmod
 .text.uECC_vli_modMult_fast
                0x00000000020307ea       0x20 zephyr/libzephyr.a(ecc.c.obj)
                0x00000000020307ea                uECC_vli_modMult_fast
 .text.uECC_vli_modSquare_fast
                0x000000000203080a        0xc zephyr/libzephyr.a(ecc.c.obj)
 .text.double_jacobian_default
                0x0000000002030816      0x15a zephyr/libzephyr.a(ecc.c.obj)